// Jest Snapshot v1, https://goo.gl/fbAQLP

exports[`Header renders 1`] = `
.c17 {
  border: 0;
  -webkit-clip: rect(0 0 0 0);
  clip: rect(0 0 0 0);
  height: 1px;
  margin: -1px;
  overflow: hidden;
  padding: 0;
  position: absolute;
  width: 1px;
}

.c6 {
  font-size: 0.875rem;
  line-height: 1.43;
  color: #32324d;
}

.c10 {
  font-weight: 600;
  font-size: 2rem;
  line-height: 1.25;
  color: #32324d;
}

.c15 {
  font-size: 0.75rem;
  line-height: 1.33;
  font-weight: 600;
  color: #ffffff;
}

.c0 {
  background: #f6f6f9;
  padding-top: 24px;
  padding-right: 56px;
  padding-bottom: 40px;
  padding-left: 56px;
}

.c1 {
  padding-bottom: 8px;
}

.c3 {
  padding-right: 8px;
}

.c8 {
  min-width: 0;
}

.c12 {
  background: #4945ff;
  padding: 8px;
  padding-right: 16px;
  padding-left: 16px;
  border-radius: 4px;
  border-color: #4945ff;
  border: 1px solid #4945ff;
  cursor: pointer;
}

.c7 {
  -webkit-align-items: center;
  -webkit-box-align: center;
  -ms-flex-align: center;
  align-items: center;
  display: -webkit-box;
  display: -webkit-flex;
  display: -ms-flexbox;
  display: flex;
  -webkit-flex-direction: row;
  -ms-flex-direction: row;
  flex-direction: row;
  -webkit-box-pack: justify;
  -webkit-justify-content: space-between;
  -ms-flex-pack: justify;
  justify-content: space-between;
}

.c9 {
  -webkit-align-items: center;
  -webkit-box-align: center;
  -ms-flex-align: center;
  align-items: center;
  display: -webkit-box;
  display: -webkit-flex;
  display: -ms-flexbox;
  display: flex;
  -webkit-flex-direction: row;
  -ms-flex-direction: row;
  flex-direction: row;
}

.c11 {
  -webkit-align-items: center;
  -webkit-box-align: center;
  -ms-flex-align: center;
  align-items: center;
  display: -webkit-box;
  display: -webkit-flex;
  display: -ms-flexbox;
  display: flex;
  -webkit-flex-direction: row;
  -ms-flex-direction: row;
  flex-direction: row;
  gap: 8px;
}

.c13 {
  position: relative;
  outline: none;
}

.c13 > svg {
  height: 12px;
  width: 12px;
}

.c13 > svg > g,
.c13 > svg path {
  fill: #ffffff;
}

.c13[aria-disabled='true'] {
  pointer-events: none;
}

.c13:after {
  -webkit-transition-property: all;
  transition-property: all;
  -webkit-transition-duration: 0.2s;
  transition-duration: 0.2s;
  border-radius: 8px;
  content: '';
  position: absolute;
  top: -4px;
  bottom: -4px;
  left: -4px;
  right: -4px;
  border: 2px solid transparent;
}

.c13:focus-visible {
  outline: none;
}

.c13:focus-visible:after {
  border-radius: 8px;
  content: '';
  position: absolute;
  top: -5px;
  bottom: -5px;
  left: -5px;
  right: -5px;
  border: 2px solid #4945ff;
}

.c14 {
  height: 2rem;
  border: 1px solid #d9d8ff;
  background: #f0f0ff;
}

.c14 svg {
  height: 0.75rem;
  width: auto;
}

.c14[aria-disabled='true'] {
  border: 1px solid #dcdce4;
  background: #eaeaef;
}

.c14[aria-disabled='true'] .c5 {
  color: #666687;
}

.c14[aria-disabled='true'] svg > g,
.c14[aria-disabled='true'] svg path {
  fill: #666687;
}

.c14[aria-disabled='true']:active {
  border: 1px solid #dcdce4;
  background: #eaeaef;
}

.c14[aria-disabled='true']:active .c5 {
  color: #666687;
}

.c14[aria-disabled='true']:active svg > g,
.c14[aria-disabled='true']:active svg path {
  fill: #666687;
}

.c14:hover {
  background-color: #ffffff;
}

.c14:active {
  background-color: #ffffff;
  border: 1px solid #4945ff;
}

.c14:active .c5 {
  color: #4945ff;
}

.c14:active svg > g,
.c14:active svg path {
  fill: #4945ff;
}

.c14 .c5 {
  color: #271fe0;
}

.c14 svg > g,
.c14 svg path {
  fill: #271fe0;
}

.c16 {
  height: 2rem;
}

.c16 svg {
  height: 0.75rem;
  width: auto;
}

.c16[aria-disabled='true'] {
  border: 1px solid #dcdce4;
  background: #eaeaef;
}

.c16[aria-disabled='true'] .c5 {
  color: #666687;
}

.c16[aria-disabled='true'] svg > g,
.c16[aria-disabled='true'] svg path {
  fill: #666687;
}

.c16[aria-disabled='true']:active {
  border: 1px solid #dcdce4;
  background: #eaeaef;
}

.c16[aria-disabled='true']:active .c5 {
  color: #666687;
}

.c16[aria-disabled='true']:active svg > g,
.c16[aria-disabled='true']:active svg path {
  fill: #666687;
}

.c16:hover {
  border: 1px solid #7b79ff;
  background: #7b79ff;
}

.c16:active {
  border: 1px solid #4945ff;
  background: #4945ff;
}

.c16 svg > g,
.c16 svg path {
  fill: #ffffff;
}

.c2 {
  display: -webkit-inline-box;
  display: -webkit-inline-flex;
  display: -ms-inline-flexbox;
  display: inline-flex;
  -webkit-align-items: center;
  -webkit-box-align: center;
  -ms-flex-align: center;
  align-items: center;
  -webkit-text-decoration: none;
  text-decoration: none;
  color: #4945ff;
  position: relative;
  outline: none;
}

.c2 svg path {
  -webkit-transition: fill 150ms ease-out;
  transition: fill 150ms ease-out;
  fill: currentColor;
}

.c2 svg {
  font-size: 0.625rem;
}

.c2 .c5 {
  -webkit-transition: color 150ms ease-out;
  transition: color 150ms ease-out;
  color: currentColor;
}

.c2:hover {
  color: #7b79ff;
}

.c2:active {
  color: #271fe0;
}

.c2:after {
  -webkit-transition-property: all;
  transition-property: all;
  -webkit-transition-duration: 0.2s;
  transition-duration: 0.2s;
  border-radius: 8px;
  content: '';
  position: absolute;
  top: -4px;
  bottom: -4px;
  left: -4px;
  right: -4px;
  border: 2px solid transparent;
}

.c2:focus-visible {
  outline: none;
}

.c2:focus-visible:after {
  border-radius: 8px;
  content: '';
  position: absolute;
  top: -5px;
  bottom: -5px;
  left: -5px;
  right: -5px;
  border: 2px solid #4945ff;
}

.c4 {
  display: -webkit-box;
  display: -webkit-flex;
  display: -ms-flexbox;
  display: flex;
}

<div>
  <div
    style="height: 0px;"
  >
    <div
      class="c0"
      data-strapi-header="true"
    >
      <div
        class="c1"
      >
        <a
          aria-current="page"
          class="c2 active"
          href="/?folder=2&folderPath=/1"
        >
          <span
            aria-hidden="true"
            class="c3 c4"
          >
            <svg
              fill="none"
              height="1rem"
              viewBox="0 0 24 24"
              width="1rem"
              xmlns="http://www.w3.org/2000/svg"
            >
              <path
                d="M24 13.3a.2.2 0 0 1-.2.2H5.74l8.239 8.239a.2.2 0 0 1 0 .282L12.14 23.86a.2.2 0 0 1-.282 0L.14 12.14a.2.2 0 0 1 0-.282L11.86.14a.2.2 0 0 1 .282 0L13.98 1.98a.2.2 0 0 1 0 .282L5.74 10.5H23.8c.11 0 .2.09.2.2v2.6Z"
                fill="#212134"
              />
            </svg>
          </span>
          <span
            class="c5 c6"
          >
            Back
          </span>
        </a>
      </div>
      <div
        class="c7"
      >
        <div
          class="c8 c9"
        >
          <h1
            class="c5 c10"
          >
            Media Library
          </h1>
        </div>
        <div
          class="c11"
        >
          <button
            aria-disabled="false"
            class="c12 c11 c13 c14"
            type="button"
          >
            <div
              aria-hidden="true"
              class=""
            >
              <svg
                fill="none"
                height="1rem"
                viewBox="0 0 24 24"
                width="1rem"
                xmlns="http://www.w3.org/2000/svg"
              >
                <path
                  d="M24 13.604a.3.3 0 0 1-.3.3h-9.795V23.7a.3.3 0 0 1-.3.3h-3.21a.3.3 0 0 1-.3-.3v-9.795H.3a.3.3 0 0 1-.3-.3v-3.21a.3.3 0 0 1 .3-.3h9.795V.3a.3.3 0 0 1 .3-.3h3.21a.3.3 0 0 1 .3.3v9.795H23.7a.3.3 0 0 1 .3.3v3.21Z"
                  fill="#212134"
                />
              </svg>
            </div>
            <span
              class="c5 c15"
            >
              Add new folder
            </span>
          </button>
          <button
            aria-disabled="false"
            class="c12 c11 c13 c16"
            type="button"
          >
            <div
              aria-hidden="true"
              class=""
            >
              <svg
                fill="none"
                height="1rem"
                viewBox="0 0 24 24"
                width="1rem"
                xmlns="http://www.w3.org/2000/svg"
              >
                <path
                  d="M24 13.604a.3.3 0 0 1-.3.3h-9.795V23.7a.3.3 0 0 1-.3.3h-3.21a.3.3 0 0 1-.3-.3v-9.795H.3a.3.3 0 0 1-.3-.3v-3.21a.3.3 0 0 1 .3-.3h9.795V.3a.3.3 0 0 1 .3-.3h3.21a.3.3 0 0 1 .3.3v9.795H23.7a.3.3 0 0 1 .3.3v3.21Z"
                  fill="#212134"
                />
              </svg>
            </div>
            <span
              class="c5 c15"
            >
              Add new assets
            </span>
          </button>
        </div>
      </div>
    </div>
  </div>
  <div
    class="c17"
  >
    <p
      aria-live="polite"
      aria-relevant="all"
      id="live-region-log"
      role="log"
    />
    <p
      aria-live="polite"
      aria-relevant="all"
      id="live-region-status"
      role="status"
    />
    <p
      aria-live="assertive"
      aria-relevant="all"
      id="live-region-alert"
      role="alert"
    />
  </div>
</div>
`;
