// Jest Snapshot v1, https://goo.gl/fbAQLP

exports[`<FilterList /> renders and matches the snapshot 1`] = `
.c6 {
  border: 0;
  -webkit-clip: rect(0 0 0 0);
  clip: rect(0 0 0 0);
  height: 1px;
  margin: -1px;
  overflow: hidden;
  padding: 0;
  position: absolute;
  width: 1px;
}

.c4 {
  font-size: 0.75rem;
  line-height: 1.33;
  font-weight: 600;
  color: #32324d;
}

.c0 {
  padding: 4px;
}

.c1 {
  background: #f0f0ff;
  color: #4945ff;
  padding-right: 12px;
  padding-left: 12px;
  border-radius: 4px;
  border-style: solid;
  border-width: 1px;
  border-color: #d9d8ff;
  height: 2rem;
}

.c2 {
  -webkit-align-items: center;
  -webkit-box-align: center;
  -ms-flex-align: center;
  align-items: center;
  display: -webkit-box;
  display: -webkit-flex;
  display: -ms-flexbox;
  display: flex;
  -webkit-flex-direction: row;
  -ms-flex-direction: row;
  flex-direction: row;
  gap: 8px;
}

.c3 > svg {
  height: 0.5rem;
  width: 0.5rem;
}

.c3 > svg path {
  fill: #4945ff;
}

.c5 {
  color: inherit;
  border-right: 1px solid #d9d8ff;
  padding-right: 8px;
}

<div>
  <div
    class="c0"
  >
    <button
      aria-disabled="false"
      class="c1 c2 c3"
    >
      <span
        class="c4 c5"
      >
        type is image
      </span>
      <svg
        fill="none"
        height="1rem"
        viewBox="0 0 24 24"
        width="1rem"
        xmlns="http://www.w3.org/2000/svg"
      >
        <path
          d="M24 2.417 21.583 0 12 9.583 2.417 0 0 2.417 9.583 12 0 21.583 2.417 24 12 14.417 21.583 24 24 21.583 14.417 12 24 2.417Z"
          fill="#212134"
        />
      </svg>
    </button>
  </div>
  <div
    class="c0"
  >
    <button
      aria-disabled="false"
      class="c1 c2 c3"
    >
      <span
        class="c4 c5"
      >
        type is not image
      </span>
      <svg
        fill="none"
        height="1rem"
        viewBox="0 0 24 24"
        width="1rem"
        xmlns="http://www.w3.org/2000/svg"
      >
        <path
          d="M24 2.417 21.583 0 12 9.583 2.417 0 0 2.417 9.583 12 0 21.583 2.417 24 12 14.417 21.583 24 24 21.583 14.417 12 24 2.417Z"
          fill="#212134"
        />
      </svg>
    </button>
  </div>
  <div
    class="c0"
  >
    <button
      aria-disabled="false"
      class="c1 c2 c3"
    >
      <span
        class="c4 c5"
      >
        createdAt is Thursday, October 7, 2021
      </span>
      <svg
        fill="none"
        height="1rem"
        viewBox="0 0 24 24"
        width="1rem"
        xmlns="http://www.w3.org/2000/svg"
      >
        <path
          d="M24 2.417 21.583 0 12 9.583 2.417 0 0 2.417 9.583 12 0 21.583 2.417 24 12 14.417 21.583 24 24 21.583 14.417 12 24 2.417Z"
          fill="#212134"
        />
      </svg>
    </button>
  </div>
  <div
    class="c0"
  >
    <button
      aria-disabled="false"
      class="c1 c2 c3"
    >
      <span
        class="c4 c5"
      >
        type is video
      </span>
      <svg
        fill="none"
        height="1rem"
        viewBox="0 0 24 24"
        width="1rem"
        xmlns="http://www.w3.org/2000/svg"
      >
        <path
          d="M24 2.417 21.583 0 12 9.583 2.417 0 0 2.417 9.583 12 0 21.583 2.417 24 12 14.417 21.583 24 24 21.583 14.417 12 24 2.417Z"
          fill="#212134"
        />
      </svg>
    </button>
  </div>
  <div
    class="c0"
  >
    <button
      aria-disabled="false"
      class="c1 c2 c3"
    >
      <span
        class="c4 c5"
      >
        type is file
      </span>
      <svg
        fill="none"
        height="1rem"
        viewBox="0 0 24 24"
        width="1rem"
        xmlns="http://www.w3.org/2000/svg"
      >
        <path
          d="M24 2.417 21.583 0 12 9.583 2.417 0 0 2.417 9.583 12 0 21.583 2.417 24 12 14.417 21.583 24 24 21.583 14.417 12 24 2.417Z"
          fill="#212134"
        />
      </svg>
    </button>
  </div>
  <div
    class="c0"
  >
    <button
      aria-disabled="false"
      class="c1 c2 c3"
    >
      <span
        class="c4 c5"
      >
        type is not file
      </span>
      <svg
        fill="none"
        height="1rem"
        viewBox="0 0 24 24"
        width="1rem"
        xmlns="http://www.w3.org/2000/svg"
      >
        <path
          d="M24 2.417 21.583 0 12 9.583 2.417 0 0 2.417 9.583 12 0 21.583 2.417 24 12 14.417 21.583 24 24 21.583 14.417 12 24 2.417Z"
          fill="#212134"
        />
      </svg>
    </button>
  </div>
  <div
    class="c6"
  >
    <p
      aria-live="polite"
      aria-relevant="all"
      id="live-region-log"
      role="log"
    />
    <p
      aria-live="polite"
      aria-relevant="all"
      id="live-region-status"
      role="status"
    />
    <p
      aria-live="assertive"
      aria-relevant="all"
      id="live-region-alert"
      role="alert"
    />
  </div>
</div>
`;
