// Jest Snapshot v1, https://goo.gl/fbAQLP

exports[`EditFolderDialog renders and matches the snapshot 1`] = `
.c2 {
  border: 0;
  -webkit-clip: rect(0 0 0 0);
  clip: rect(0 0 0 0);
  height: 1px;
  margin: -1px;
  overflow: hidden;
  padding: 0;
  position: absolute;
  width: 1px;
}

.c11 {
  font-size: 0.875rem;
  line-height: 1.43;
  font-weight: 600;
  color: #32324d;
}

.c20 {
  font-size: 0.75rem;
  line-height: 1.33;
  font-weight: 600;
  color: #32324d;
}

.c31 {
  font-size: 0.75rem;
  line-height: 1.33;
  font-weight: 600;
  color: #ffffff;
}

.c0 {
  margin-left: -250px;
  position: fixed;
  left: 50%;
  top: 2.875rem;
  z-index: 10;
  width: 31.25rem;
}

.c3 {
  padding-right: 40px;
  padding-left: 40px;
  position: fixed;
  z-index: 4;
}

.c6 {
  background: #ffffff;
  border-radius: 4px;
  box-shadow: 0px 2px 15px rgba(33,33,52,0.1);
  width: 51.875rem;
}

.c7 {
  background: #f6f6f9;
  padding-top: 16px;
  padding-right: 20px;
  padding-bottom: 16px;
  padding-left: 20px;
}

.c12 {
  background: #ffffff;
  padding: 8px;
  border-radius: 4px;
  border-color: #dcdce4;
  border: 1px solid #dcdce4;
  cursor: pointer;
}

.c15 {
  padding: 32px;
}

.c24 {
  padding-right: 12px;
}

.c29 {
  background: #4945ff;
  padding: 8px;
  padding-right: 16px;
  padding-left: 16px;
  border-radius: 4px;
  border-color: #4945ff;
  border: 1px solid #4945ff;
  cursor: pointer;
}

.c1 {
  -webkit-align-items: stretch;
  -webkit-box-align: stretch;
  -ms-flex-align: stretch;
  align-items: stretch;
  display: -webkit-box;
  display: -webkit-flex;
  display: -ms-flexbox;
  display: flex;
  -webkit-flex-direction: column;
  -ms-flex-direction: column;
  flex-direction: column;
  gap: 8px;
}

.c4 {
  -webkit-align-items: center;
  -webkit-box-align: center;
  -ms-flex-align: center;
  align-items: center;
  display: -webkit-box;
  display: -webkit-flex;
  display: -ms-flexbox;
  display: flex;
  -webkit-flex-direction: row;
  -ms-flex-direction: row;
  flex-direction: row;
  -webkit-box-pack: center;
  -webkit-justify-content: center;
  -ms-flex-pack: center;
  justify-content: center;
}

.c9 {
  -webkit-align-items: center;
  -webkit-box-align: center;
  -ms-flex-align: center;
  align-items: center;
  display: -webkit-box;
  display: -webkit-flex;
  display: -ms-flexbox;
  display: flex;
  -webkit-flex-direction: row;
  -ms-flex-direction: row;
  flex-direction: row;
  -webkit-box-pack: justify;
  -webkit-justify-content: space-between;
  -ms-flex-pack: justify;
  justify-content: space-between;
}

.c19 {
  -webkit-align-items: stretch;
  -webkit-box-align: stretch;
  -ms-flex-align: stretch;
  align-items: stretch;
  display: -webkit-box;
  display: -webkit-flex;
  display: -ms-flexbox;
  display: flex;
  -webkit-flex-direction: column;
  -ms-flex-direction: column;
  flex-direction: column;
  gap: 4px;
}

.c28 {
  -webkit-align-items: center;
  -webkit-box-align: center;
  -ms-flex-align: center;
  align-items: center;
  display: -webkit-box;
  display: -webkit-flex;
  display: -ms-flexbox;
  display: flex;
  -webkit-flex-direction: row;
  -ms-flex-direction: row;
  flex-direction: row;
  gap: 8px;
}

.c13 {
  position: relative;
  outline: none;
}

.c13 > svg {
  height: 12px;
  width: 12px;
}

.c13 > svg > g,
.c13 > svg path {
  fill: #ffffff;
}

.c13[aria-disabled='true'] {
  pointer-events: none;
}

.c13:after {
  -webkit-transition-property: all;
  transition-property: all;
  -webkit-transition-duration: 0.2s;
  transition-duration: 0.2s;
  border-radius: 8px;
  content: '';
  position: absolute;
  top: -4px;
  bottom: -4px;
  left: -4px;
  right: -4px;
  border: 2px solid transparent;
}

.c13:focus-visible {
  outline: none;
}

.c13:focus-visible:after {
  border-radius: 8px;
  content: '';
  position: absolute;
  top: -5px;
  bottom: -5px;
  left: -5px;
  right: -5px;
  border: 2px solid #4945ff;
}

.c30 {
  height: 2rem;
  border: 1px solid #dcdce4;
  background: #ffffff;
}

.c30 svg {
  height: 0.75rem;
  width: auto;
}

.c30[aria-disabled='true'] {
  border: 1px solid #dcdce4;
  background: #eaeaef;
}

.c30[aria-disabled='true'] .c10 {
  color: #666687;
}

.c30[aria-disabled='true'] svg > g,
.c30[aria-disabled='true'] svg path {
  fill: #666687;
}

.c30[aria-disabled='true']:active {
  border: 1px solid #dcdce4;
  background: #eaeaef;
}

.c30[aria-disabled='true']:active .c10 {
  color: #666687;
}

.c30[aria-disabled='true']:active svg > g,
.c30[aria-disabled='true']:active svg path {
  fill: #666687;
}

.c30:hover {
  background-color: #f6f6f9;
}

.c30:active {
  background-color: #eaeaef;
}

.c30 .c10 {
  color: #32324d;
}

.c30 svg > g,
.c30 svg path {
  fill: #32324d;
}

.c32 {
  height: 2rem;
}

.c32 svg {
  height: 0.75rem;
  width: auto;
}

.c32[aria-disabled='true'] {
  border: 1px solid #dcdce4;
  background: #eaeaef;
}

.c32[aria-disabled='true'] .c10 {
  color: #666687;
}

.c32[aria-disabled='true'] svg > g,
.c32[aria-disabled='true'] svg path {
  fill: #666687;
}

.c32[aria-disabled='true']:active {
  border: 1px solid #dcdce4;
  background: #eaeaef;
}

.c32[aria-disabled='true']:active .c10 {
  color: #666687;
}

.c32[aria-disabled='true']:active svg > g,
.c32[aria-disabled='true']:active svg path {
  fill: #666687;
}

.c32:hover {
  border: 1px solid #7b79ff;
  background: #7b79ff;
}

.c32:active {
  border: 1px solid #4945ff;
  background: #4945ff;
}

.c32 svg > g,
.c32 svg path {
  fill: #ffffff;
}

.c21 {
  display: -webkit-box;
  display: -webkit-flex;
  display: -ms-flexbox;
  display: flex;
  -webkit-align-items: center;
  -webkit-box-align: center;
  -ms-flex-align: center;
  align-items: center;
}

.c23 {
  border: none;
  border-radius: 4px;
  padding-bottom: 0.65625rem;
  padding-left: 16px;
  padding-right: 16px;
  padding-top: 0.65625rem;
  color: #32324d;
  font-weight: 400;
  font-size: 0.875rem;
  display: block;
  width: 100%;
  background: inherit;
}

.c23::-webkit-input-placeholder {
  color: #8e8ea9;
  opacity: 1;
}

.c23::-moz-placeholder {
  color: #8e8ea9;
  opacity: 1;
}

.c23:-ms-input-placeholder {
  color: #8e8ea9;
  opacity: 1;
}

.c23::placeholder {
  color: #8e8ea9;
  opacity: 1;
}

.c23[aria-disabled='true'] {
  color: inherit;
}

.c23:focus {
  outline: none;
  box-shadow: none;
}

.c22 {
  border: 1px solid #dcdce4;
  border-radius: 4px;
  background: #ffffff;
  outline: none;
  box-shadow: 0;
  -webkit-transition-property: border-color,box-shadow,fill;
  transition-property: border-color,box-shadow,fill;
  -webkit-transition-duration: 0.2s;
  transition-duration: 0.2s;
}

.c22:focus-within {
  border: 1px solid #4945ff;
  box-shadow: #4945ff 0px 0px 0px 2px;
}

.c17 {
  display: grid;
  grid-template-columns: repeat(12,1fr);
  gap: 16px;
}

.c18 {
  grid-column: span 6;
  max-width: 100%;
}

.c14 {
  border-color: #dcdce4;
  height: 2rem;
  width: 2rem;
}

.c14 svg g,
.c14 svg path {
  fill: #8e8ea9;
}

.c14:hover svg g,
.c14:focus svg g,
.c14:hover svg path,
.c14:focus svg path {
  fill: #666687;
}

.c14[aria-disabled='true'] svg path {
  fill: #666687;
}

.c5 {
  background: #32324d1F;
  inset: 0;
}

.c8 {
  border-radius: 4px 4px 0 0;
  border-bottom: 1px solid #eaeaef;
}

.c27 {
  border-radius: 0 0 4px 4px;
  border-top: 1px solid #eaeaef;
}

.c16 {
  overflow: auto;
  max-height: 60vh;
}

.c25 {
  background: transparent;
  border: none;
  position: relative;
  z-index: 1;
}

.c25 svg {
  height: 0.6875rem;
  width: 0.6875rem;
}

.c25 svg path {
  fill: #666687;
}

.c26 {
  display: -webkit-box;
  display: -webkit-flex;
  display: -ms-flexbox;
  display: flex;
  background: none;
  border: none;
}

.c26 svg {
  width: 0.5625rem;
}

@media (max-width:68.75rem) {
  .c18 {
    grid-column: span;
  }
}

@media (max-width:34.375rem) {
  .c18 {
    grid-column: span 12;
  }
}

<body
  class="lock-body-scroll"
>
  <div>
    <div
      class="c0 c1"
    />
    <div
      class="c2"
    >
      <p
        aria-live="polite"
        aria-relevant="all"
        id="live-region-log"
        role="log"
      />
      <p
        aria-live="polite"
        aria-relevant="all"
        id="live-region-status"
        role="status"
      />
      <p
        aria-live="assertive"
        aria-relevant="all"
        id="live-region-alert"
        role="alert"
      />
    </div>
  </div>
  <div
    class=""
  >
    <div
      class="c3 c4 c5"
    >
      <div>
        <div>
          <div
            aria-labelledby="title"
            aria-modal="true"
            class="c6"
            role="dialog"
          >
            <form
              action="#"
              novalidate=""
            >
              <div
                class="c7 c8"
              >
                <div
                  class="c9"
                >
                  <h2
                    class="c10 c11"
                    id="title"
                  >
                    Add new folder
                  </h2>
                  <button
                    aria-disabled="false"
                    class="c12 c4 c13 c14"
                    type="button"
                  >
                    <span
                      class="c2"
                    >
                      Close the modal
                    </span>
                    <svg
                      aria-hidden="true"
                      fill="none"
                      focusable="false"
                      height="1rem"
                      viewBox="0 0 24 24"
                      width="1rem"
                      xmlns="http://www.w3.org/2000/svg"
                    >
                      <path
                        d="M24 2.417 21.583 0 12 9.583 2.417 0 0 2.417 9.583 12 0 21.583 2.417 24 12 14.417 21.583 24 24 21.583 14.417 12 24 2.417Z"
                        fill="#212134"
                      />
                    </svg>
                  </button>
                </div>
              </div>
              <div
                class="c15 c16"
              >
                <div
                  class="c17"
                >
                  <div
                    class="c18"
                  >
                    <div>
                      <div
                        class=""
                      >
                        <div
                          class="c19"
                        >
                          <label
                            class="c10 c20 c21"
                            for=":r0:"
                          >
                            Name
                          </label>
                          <div
                            class="c9 c22"
                          >
                            <input
                              aria-disabled="false"
                              aria-invalid="false"
                              aria-required="false"
                              class="c23"
                              id=":r0:"
                              name="name"
                              value=""
                            />
                          </div>
                        </div>
                      </div>
                    </div>
                  </div>
                  <div
                    class="c18"
                  >
                    <div
                      class="c19"
                    >
                      <label
                        class="c10 c20 c21"
                        for="folder-parent"
                      >
                        Location
                      </label>
                      <div
                        class=" css-1iyvlxg-container"
                      >
                        <span
                          class="css-1f43avz-a11yText-A11yText"
                          id="react-select-2-live-region"
                        />
                        <span
                          aria-atomic="false"
                          aria-live="polite"
                          aria-relevant="additions text"
                          class="css-1f43avz-a11yText-A11yText"
                        />
                        <div
                          class=" css-1ioi85f-control"
                        >
                          <div
                            class=" css-onz4xi-ValueContainer"
                          >
                            <div
                              class=" css-1ryi7up-singleValue"
                            >
                              Media Library
                            </div>
                            <input
                              aria-autocomplete="list"
                              aria-expanded="false"
                              aria-haspopup="true"
                              aria-invalid="false"
                              aria-readonly="true"
                              class="css-mohuvp-dummyInput-DummyInput"
                              id="folder-parent"
                              inputmode="none"
                              role="combobox"
                              tabindex="0"
                              value=""
                            />
                          </div>
                          <div
                            class=" css-1hm8yhz-IndicatorsContainer"
                          >
                            <div
                              aria-hidden="true"
                              class="c24 c25 c26"
                            >
                              <svg
                                fill="none"
                                height="1rem"
                                viewBox="0 0 14 8"
                                width="1rem"
                                xmlns="http://www.w3.org/2000/svg"
                              >
                                <path
                                  clip-rule="evenodd"
                                  d="M14 .889a.86.86 0 0 1-.26.625L7.615 7.736A.834.834 0 0 1 7 8a.834.834 0 0 1-.615-.264L.26 1.514A.861.861 0 0 1 0 .889c0-.24.087-.45.26-.625A.834.834 0 0 1 .875 0h12.25c.237 0 .442.088.615.264a.86.86 0 0 1 .26.625Z"
                                  fill="#32324D"
                                  fill-rule="evenodd"
                                />
                              </svg>
                            </div>
                          </div>
                        </div>
                        <input
                          name="parent"
                          type="hidden"
                          value=""
                        />
                      </div>
                    </div>
                  </div>
                </div>
              </div>
              <div
                class="c7 c27"
              >
                <div
                  class="c9"
                >
                  <div
                    class="c28"
                  >
                    <button
                      aria-disabled="false"
                      class="c29 c28 c13 c30"
                      name="cancel"
                      type="button"
                    >
                      <span
                        class="c10 c31"
                      >
                        Cancel
                      </span>
                    </button>
                  </div>
                  <div
                    class="c28"
                  >
                    <div
                      class="c28"
                    >
                      <button
                        aria-disabled="false"
                        class="c29 c28 c13 c32"
                        name="submit"
                        type="submit"
                      >
                        <span
                          class="c10 c31"
                        >
                          Create
                        </span>
                      </button>
                    </div>
                  </div>
                </div>
              </div>
            </form>
          </div>
        </div>
      </div>
    </div>
  </div>
</body>
`;
