// Jest Snapshot v1, https://goo.gl/fbAQLP

exports[`<EditAssetDialog /> renders and matches the snapshot 1`] = `
.c2 {
  border: 0;
  -webkit-clip: rect(0 0 0 0);
  clip: rect(0 0 0 0);
  height: 1px;
  margin: -1px;
  overflow: hidden;
  padding: 0;
  position: absolute;
  width: 1px;
}

.c14 {
  font-size: 0.875rem;
  line-height: 1.43;
  font-weight: 600;
  color: #32324d;
}

.c6 {
  font-size: 0.75rem;
  line-height: 1.33;
  font-weight: 600;
  color: #ffffff;
}

.c33 {
  font-weight: 600;
  font-size: 0.6875rem;
  line-height: 1.45;
  text-transform: uppercase;
  color: #666687;
}

.c34 {
  font-size: 0.75rem;
  line-height: 1.33;
  color: #4a4a6a;
}

.c35 {
  font-size: 0.75rem;
  line-height: 1.33;
  font-weight: 600;
  color: #32324d;
}

.c39 {
  font-size: 0.75rem;
  line-height: 1.33;
  color: #666687;
}

.c0 {
  margin-left: -250px;
  position: fixed;
  left: 50%;
  top: 2.875rem;
  z-index: 10;
  width: 31.25rem;
}

.c7 {
  padding-right: 40px;
  padding-left: 40px;
  position: fixed;
  z-index: 4;
}

.c10 {
  background: #ffffff;
  border-radius: 4px;
  box-shadow: 0px 2px 15px rgba(33,33,52,0.1);
  width: 51.875rem;
}

.c11 {
  background: #f6f6f9;
  padding-top: 16px;
  padding-right: 20px;
  padding-bottom: 16px;
  padding-left: 20px;
}

.c15 {
  background: #ffffff;
  padding: 8px;
  border-radius: 4px;
  border-color: #dcdce4;
  border: 1px solid #dcdce4;
  cursor: pointer;
}

.c18 {
  padding: 32px;
}

.c22 {
  background: #eaeaef;
  border-radius: 4px;
  border-color: #dcdce4;
  border: 1px solid #dcdce4;
}

.c24 {
  padding-right: 12px;
  padding-left: 12px;
}

.c3 {
  background: #212134;
  padding: 8px;
  border-radius: 4px;
  position: absolute;
}

.c29 {
  padding-right: 8px;
  padding-left: 8px;
}

.c31 {
  background: #f6f6f9;
  padding-top: 16px;
  padding-right: 24px;
  padding-bottom: 16px;
  padding-left: 24px;
  border-radius: 4px;
}

.c40 {
  padding-right: 12px;
}

.c45 {
  background: #4945ff;
  padding: 8px;
  padding-right: 16px;
  padding-left: 16px;
  border-radius: 4px;
  border-color: #4945ff;
  border: 1px solid #4945ff;
  cursor: pointer;
}

.c1 {
  -webkit-align-items: stretch;
  -webkit-box-align: stretch;
  -ms-flex-align: stretch;
  align-items: stretch;
  display: -webkit-box;
  display: -webkit-flex;
  display: -ms-flexbox;
  display: flex;
  -webkit-flex-direction: column;
  -ms-flex-direction: column;
  flex-direction: column;
  gap: 8px;
}

.c8 {
  -webkit-align-items: center;
  -webkit-box-align: center;
  -ms-flex-align: center;
  align-items: center;
  display: -webkit-box;
  display: -webkit-flex;
  display: -ms-flexbox;
  display: flex;
  -webkit-flex-direction: row;
  -ms-flex-direction: row;
  flex-direction: row;
  -webkit-box-pack: center;
  -webkit-justify-content: center;
  -ms-flex-pack: center;
  justify-content: center;
}

.c13 {
  -webkit-align-items: center;
  -webkit-box-align: center;
  -ms-flex-align: center;
  align-items: center;
  display: -webkit-box;
  display: -webkit-flex;
  display: -ms-flexbox;
  display: flex;
  -webkit-flex-direction: row;
  -ms-flex-direction: row;
  flex-direction: row;
  -webkit-box-pack: justify;
  -webkit-justify-content: space-between;
  -ms-flex-pack: justify;
  justify-content: space-between;
}

.c25 {
  -webkit-align-items: center;
  -webkit-box-align: center;
  -ms-flex-align: center;
  align-items: center;
  display: -webkit-box;
  display: -webkit-flex;
  display: -ms-flexbox;
  display: flex;
  -webkit-flex-direction: row;
  -ms-flex-direction: row;
  flex-direction: row;
  -webkit-box-pack: end;
  -webkit-justify-content: flex-end;
  -ms-flex-pack: end;
  justify-content: flex-end;
}

.c27 {
  -webkit-align-items: center;
  -webkit-box-align: center;
  -ms-flex-align: center;
  align-items: center;
  display: -webkit-box;
  display: -webkit-flex;
  display: -ms-flexbox;
  display: flex;
  -webkit-flex-direction: row;
  -ms-flex-direction: row;
  flex-direction: row;
  gap: 4px;
}

.c30 {
  -webkit-align-items: stretch;
  -webkit-box-align: stretch;
  -ms-flex-align: stretch;
  align-items: stretch;
  display: -webkit-box;
  display: -webkit-flex;
  display: -ms-flexbox;
  display: flex;
  -webkit-flex-direction: column;
  -ms-flex-direction: column;
  flex-direction: column;
  gap: 12px;
}

.c32 {
  -webkit-align-items: stretch;
  -webkit-box-align: stretch;
  -ms-flex-align: stretch;
  align-items: stretch;
  display: -webkit-box;
  display: -webkit-flex;
  display: -ms-flexbox;
  display: flex;
  -webkit-flex-direction: column;
  -ms-flex-direction: column;
  flex-direction: column;
  gap: 4px;
}

.c44 {
  -webkit-align-items: center;
  -webkit-box-align: center;
  -ms-flex-align: center;
  align-items: center;
  display: -webkit-box;
  display: -webkit-flex;
  display: -ms-flexbox;
  display: flex;
  -webkit-flex-direction: row;
  -ms-flex-direction: row;
  flex-direction: row;
  gap: 8px;
}

.c16 {
  position: relative;
  outline: none;
}

.c16 > svg {
  height: 12px;
  width: 12px;
}

.c16 > svg > g,
.c16 > svg path {
  fill: #ffffff;
}

.c16[aria-disabled='true'] {
  pointer-events: none;
}

.c16:after {
  -webkit-transition-property: all;
  transition-property: all;
  -webkit-transition-duration: 0.2s;
  transition-duration: 0.2s;
  border-radius: 8px;
  content: '';
  position: absolute;
  top: -4px;
  bottom: -4px;
  left: -4px;
  right: -4px;
  border: 2px solid transparent;
}

.c16:focus-visible {
  outline: none;
}

.c16:focus-visible:after {
  border-radius: 8px;
  content: '';
  position: absolute;
  top: -5px;
  bottom: -5px;
  left: -5px;
  right: -5px;
  border: 2px solid #4945ff;
}

.c46 {
  height: 2rem;
  border: 1px solid #dcdce4;
  background: #ffffff;
}

.c46 svg {
  height: 0.75rem;
  width: auto;
}

.c46[aria-disabled='true'] {
  border: 1px solid #dcdce4;
  background: #eaeaef;
}

.c46[aria-disabled='true'] .c5 {
  color: #666687;
}

.c46[aria-disabled='true'] svg > g,
.c46[aria-disabled='true'] svg path {
  fill: #666687;
}

.c46[aria-disabled='true']:active {
  border: 1px solid #dcdce4;
  background: #eaeaef;
}

.c46[aria-disabled='true']:active .c5 {
  color: #666687;
}

.c46[aria-disabled='true']:active svg > g,
.c46[aria-disabled='true']:active svg path {
  fill: #666687;
}

.c46:hover {
  background-color: #f6f6f9;
}

.c46:active {
  background-color: #eaeaef;
}

.c46 .c5 {
  color: #32324d;
}

.c46 svg > g,
.c46 svg path {
  fill: #32324d;
}

.c47 {
  height: 2rem;
  border: 1px solid #d9d8ff;
  background: #f0f0ff;
}

.c47 svg {
  height: 0.75rem;
  width: auto;
}

.c47[aria-disabled='true'] {
  border: 1px solid #dcdce4;
  background: #eaeaef;
}

.c47[aria-disabled='true'] .c5 {
  color: #666687;
}

.c47[aria-disabled='true'] svg > g,
.c47[aria-disabled='true'] svg path {
  fill: #666687;
}

.c47[aria-disabled='true']:active {
  border: 1px solid #dcdce4;
  background: #eaeaef;
}

.c47[aria-disabled='true']:active .c5 {
  color: #666687;
}

.c47[aria-disabled='true']:active svg > g,
.c47[aria-disabled='true']:active svg path {
  fill: #666687;
}

.c47:hover {
  background-color: #ffffff;
}

.c47:active {
  background-color: #ffffff;
  border: 1px solid #4945ff;
}

.c47:active .c5 {
  color: #4945ff;
}

.c47:active svg > g,
.c47:active svg path {
  fill: #4945ff;
}

.c47 .c5 {
  color: #271fe0;
}

.c47 svg > g,
.c47 svg path {
  fill: #271fe0;
}

.c48 {
  height: 2rem;
}

.c48 svg {
  height: 0.75rem;
  width: auto;
}

.c48[aria-disabled='true'] {
  border: 1px solid #dcdce4;
  background: #eaeaef;
}

.c48[aria-disabled='true'] .c5 {
  color: #666687;
}

.c48[aria-disabled='true'] svg > g,
.c48[aria-disabled='true'] svg path {
  fill: #666687;
}

.c48[aria-disabled='true']:active {
  border: 1px solid #dcdce4;
  background: #eaeaef;
}

.c48[aria-disabled='true']:active .c5 {
  color: #666687;
}

.c48[aria-disabled='true']:active svg > g,
.c48[aria-disabled='true']:active svg path {
  fill: #666687;
}

.c48:hover {
  border: 1px solid #7b79ff;
  background: #7b79ff;
}

.c48:active {
  border: 1px solid #4945ff;
  background: #4945ff;
}

.c48 svg > g,
.c48 svg path {
  fill: #ffffff;
}

.c4 {
  z-index: 4;
  display: none;
}

.c36 {
  display: -webkit-box;
  display: -webkit-flex;
  display: -ms-flexbox;
  display: flex;
  -webkit-align-items: center;
  -webkit-box-align: center;
  -ms-flex-align: center;
  align-items: center;
}

.c38 {
  border: none;
  border-radius: 4px;
  padding-bottom: 0.65625rem;
  padding-left: 16px;
  padding-right: 16px;
  padding-top: 0.65625rem;
  color: #32324d;
  font-weight: 400;
  font-size: 0.875rem;
  display: block;
  width: 100%;
  background: inherit;
}

.c38::-webkit-input-placeholder {
  color: #8e8ea9;
  opacity: 1;
}

.c38::-moz-placeholder {
  color: #8e8ea9;
  opacity: 1;
}

.c38:-ms-input-placeholder {
  color: #8e8ea9;
  opacity: 1;
}

.c38::placeholder {
  color: #8e8ea9;
  opacity: 1;
}

.c38[aria-disabled='true'] {
  color: inherit;
}

.c38:focus {
  outline: none;
  box-shadow: none;
}

.c37 {
  border: 1px solid #dcdce4;
  border-radius: 4px;
  background: #ffffff;
  outline: none;
  box-shadow: 0;
  -webkit-transition-property: border-color,box-shadow,fill;
  transition-property: border-color,box-shadow,fill;
  -webkit-transition-duration: 0.2s;
  transition-duration: 0.2s;
}

.c37:focus-within {
  border: 1px solid #4945ff;
  box-shadow: #4945ff 0px 0px 0px 2px;
}

.c20 {
  display: grid;
  grid-template-columns: repeat(12,1fr);
  gap: 16px;
}

.c21 {
  grid-column: span 6;
  max-width: 100%;
}

.c17 {
  border-color: #dcdce4;
  height: 2rem;
  width: 2rem;
}

.c17 svg g,
.c17 svg path {
  fill: #8e8ea9;
}

.c17:hover svg g,
.c17:focus svg g,
.c17:hover svg path,
.c17:focus svg path {
  fill: #666687;
}

.c17[aria-disabled='true'] svg path {
  fill: #666687;
}

.c9 {
  background: #32324d1F;
  inset: 0;
}

.c12 {
  border-radius: 4px 4px 0 0;
  border-bottom: 1px solid #eaeaef;
}

.c43 {
  border-radius: 0 0 4px 4px;
  border-top: 1px solid #eaeaef;
}

.c19 {
  overflow: auto;
  max-height: 60vh;
}

.c41 {
  background: transparent;
  border: none;
  position: relative;
  z-index: 1;
}

.c41 svg {
  height: 0.6875rem;
  width: 0.6875rem;
}

.c41 svg path {
  fill: #666687;
}

.c42 {
  display: -webkit-box;
  display: -webkit-flex;
  display: -ms-flexbox;
  display: flex;
  background: none;
  border: none;
}

.c42 svg {
  width: 0.5625rem;
}

.c23 {
  position: relative;
}

.c28 {
  position: relative;
  text-align: center;
  background: repeating-conic-gradient( #f6f6f9 0% 25%, transparent 0% 50% ) 50% / 20px 20px;
}

.c28 svg {
  font-size: 3rem;
  height: 16.5rem;
}

.c28 img,
.c28 video {
  margin: 0;
  padding: 0;
  max-height: 16.5rem;
  max-width: 100%;
}

.c26 {
  height: 3.25rem;
}

@media (max-width:68.75rem) {
  .c21 {
    grid-column: span;
  }
}

@media (max-width:34.375rem) {
  .c21 {
    grid-column: span 12;
  }
}

<body
  class="lock-body-scroll"
>
  <div>
    <div
      class="c0 c1"
    />
    <div
      class="c2"
    >
      <p
        aria-live="polite"
        aria-relevant="all"
        id="live-region-log"
        role="log"
      />
      <p
        aria-live="polite"
        aria-relevant="all"
        id="live-region-status"
        role="status"
      />
      <p
        aria-live="assertive"
        aria-relevant="all"
        id="live-region-alert"
        role="alert"
      />
    </div>
  </div>
  <div
    class=""
  >
    <div
      class="c3 c4"
      id=":r0:"
      role="tooltip"
    >
      <p
        class="c5 c6"
      >
        Delete
      </p>
    </div>
  </div>
  <div
    class=""
  >
    <div
      class="c3 c4"
      id=":r2:"
      role="tooltip"
    >
      <p
        class="c5 c6"
      >
        Download
      </p>
    </div>
  </div>
  <div
    class=""
  >
    <div
      class="c3 c4"
      id=":r4:"
      role="tooltip"
    >
      <p
        class="c5 c6"
      >
        Copy link
      </p>
    </div>
  </div>
  <div
    class=""
  >
    <div
      class="c3 c4"
      id=":r6:"
      role="tooltip"
    >
      <p
        class="c5 c6"
      >
        Crop
      </p>
    </div>
  </div>
  <div
    class=""
  >
    <div
      class="c7 c8 c9"
    >
      <div>
        <div>
          <div
            aria-labelledby="title"
            aria-modal="true"
            class="c10"
            role="dialog"
          >
            <div
              class="c11 c12"
            >
              <div
                class="c13"
              >
                <h2
                  class="c5 c14"
                  id="title"
                >
                  Details
                </h2>
                <button
                  aria-disabled="false"
                  class="c15 c8 c16 c17"
                  type="button"
                >
                  <span
                    class="c2"
                  >
                    Close the modal
                  </span>
                  <svg
                    aria-hidden="true"
                    fill="none"
                    focusable="false"
                    height="1rem"
                    viewBox="0 0 24 24"
                    width="1rem"
                    xmlns="http://www.w3.org/2000/svg"
                  >
                    <path
                      d="M24 2.417 21.583 0 12 9.583 2.417 0 0 2.417 9.583 12 0 21.583 2.417 24 12 14.417 21.583 24 24 21.583 14.417 12 24 2.417Z"
                      fill="#212134"
                    />
                  </svg>
                </button>
              </div>
            </div>
            <div
              class="c18 c19"
            >
              <div
                class="c20"
              >
                <div
                  class="c21"
                >
                  <div
                    class="c22 c23"
                  >
                    <div
                      class="c24 c25 c26"
                    >
                      <div
                        class="c27"
                      >
                        <span>
                          <button
                            aria-disabled="false"
                            aria-labelledby=":r0:"
                            class="c15 c8 c16 c17"
                            tabindex="0"
                            type="button"
                          >
                            <span
                              class="c2"
                            >
                              Delete
                            </span>
                            <svg
                              aria-hidden="true"
                              fill="none"
                              focusable="false"
                              height="1rem"
                              viewBox="0 0 24 24"
                              width="1rem"
                              xmlns="http://www.w3.org/2000/svg"
                            >
                              <path
                                d="M3.236 6.149a.2.2 0 0 0-.197.233L6 24h12l2.96-17.618a.2.2 0 0 0-.196-.233H3.236ZM21.8 1.983c.11 0 .2.09.2.2v1.584a.2.2 0 0 1-.2.2H2.2a.2.2 0 0 1-.2-.2V2.183c0-.11.09-.2.2-.2h5.511c.9 0 1.631-1.09 1.631-1.983h5.316c0 .894.73 1.983 1.631 1.983H21.8Z"
                                fill="#32324D"
                              />
                            </svg>
                          </button>
                        </span>
                        <span>
                          <button
                            aria-disabled="false"
                            aria-labelledby=":r2:"
                            class="c15 c8 c16 c17"
                            tabindex="0"
                            type="button"
                          >
                            <span
                              class="c2"
                            >
                              Download
                            </span>
                            <svg
                              aria-hidden="true"
                              fill="none"
                              focusable="false"
                              height="1rem"
                              viewBox="0 0 24 25"
                              width="1rem"
                              xmlns="http://www.w3.org/2000/svg"
                            >
                              <path
                                clip-rule="evenodd"
                                d="M13.571 5.85H10.43v8.47H2.487a.2.2 0 0 0-.14.343l9.512 9.401a.2.2 0 0 0 .282 0l9.513-9.401a.2.2 0 0 0-.14-.342H13.57V5.85ZM2.2 3.027a.2.2 0 0 1-.2-.2V.402c0-.11.09-.2.2-.2h19.6c.11 0 .2.09.2.2v2.423a.2.2 0 0 1-.2.2H2.2Z"
                                fill="#212134"
                                fill-rule="evenodd"
                              />
                            </svg>
                          </button>
                        </span>
                        <span>
                          <button
                            aria-disabled="false"
                            aria-labelledby=":r4:"
                            class="c15 c8 c16 c17"
                            tabindex="0"
                            type="button"
                          >
                            <span
                              class="c2"
                            >
                              Copy link
                            </span>
                            <svg
                              aria-hidden="true"
                              fill="none"
                              focusable="false"
                              height="1rem"
                              viewBox="0 0 24 24"
                              width="1rem"
                              xmlns="http://www.w3.org/2000/svg"
                            >
                              <path
                                d="M21.415 1.344a6.137 6.137 0 0 0-8.525.838L11.095 4.33a1.53 1.53 0 1 0 2.35 1.963l1.794-2.148a3.054 3.054 0 0 1 4.365-.324 3.117 3.117 0 0 1 .255 4.301l-3.73 4.467-.035.038a3.048 3.048 0 0 1-4.53.078 1.531 1.531 0 0 0-2.241 2.086 6.114 6.114 0 0 0 9.159-.245l3.721-4.454a6.289 6.289 0 0 0 1.418-4.62 6.01 6.01 0 0 0-2.206-4.128Z"
                                fill="#212134"
                              />
                              <path
                                d="m10.399 17.884-1.604 1.92a3.118 3.118 0 0 1-4.278.513 3.052 3.052 0 0 1-.457-4.353l3.795-4.542.028-.031a3.042 3.042 0 0 1 4.584-.022 1.529 1.529 0 0 0 1.794.37c.197-.094.37-.228.51-.395l.018-.022a1.51 1.51 0 0 0-.025-1.977 6.11 6.11 0 0 0-9.27.126l-3.784 4.53a6.137 6.137 0 0 0 .692 8.539 6.01 6.01 0 0 0 4.454 1.437 6.289 6.289 0 0 0 4.294-2.217l1.598-1.913a1.53 1.53 0 0 0-2.35-1.963Z"
                                fill="#212134"
                              />
                            </svg>
                          </button>
                        </span>
                        <span>
                          <button
                            aria-disabled="false"
                            aria-labelledby=":r6:"
                            class="c15 c8 c16 c17"
                            tabindex="0"
                            type="button"
                          >
                            <span
                              class="c2"
                            >
                              Crop
                            </span>
                            <svg
                              aria-hidden="true"
                              fill="none"
                              focusable="false"
                              height="1rem"
                              viewBox="0 0 24 24"
                              width="1rem"
                              xmlns="http://www.w3.org/2000/svg"
                            >
                              <path
                                d="M20.571 21.429h-3.428V24h3.428v-2.571ZM20.571 17.143V3.429H7.714v3.428h9.429v10.286H6.857V0H3.43v3.429H0v3.428h3.429v13.714H24v-3.428h-3.429Z"
                                fill="#212134"
                              />
                            </svg>
                          </button>
                        </span>
                      </div>
                    </div>
                    <div
                      class="c28"
                    >
                      <img
                        alt="Screenshot 2.png"
                        src="http://localhost:1337/uploads/thumbnail_Screenshot_2_5d4a574d61.png"
                      />
                    </div>
                    <div
                      class="c29 c25 c26"
                    />
                  </div>
                </div>
                <div
                  class="c21"
                >
                  <form
                    action="#"
                    novalidate=""
                  >
                    <div
                      class="c30"
                    >
                      <div
                        class="c31"
                      >
                        <div
                          class="c20"
                        >
                          <div
                            class="c21"
                          >
                            <div
                              class="c32"
                            >
                              <span
                                class="c5 c33"
                              >
                                Size
                              </span>
                              <span
                                class="c5 c34"
                              >
                                102KB
                              </span>
                            </div>
                          </div>
                          <div
                            class="c21"
                          >
                            <div
                              class="c32"
                            >
                              <span
                                class="c5 c33"
                              >
                                Dimensions
                              </span>
                              <span
                                class="c5 c34"
                              >
                                1476✕780
                              </span>
                            </div>
                          </div>
                          <div
                            class="c21"
                          >
                            <div
                              class="c32"
                            >
                              <span
                                class="c5 c33"
                              >
                                Date
                              </span>
                              <span
                                class="c5 c34"
                              >
                                10/4/2021
                              </span>
                            </div>
                          </div>
                          <div
                            class="c21"
                          >
                            <div
                              class="c32"
                            >
                              <span
                                class="c5 c33"
                              >
                                Extension
                              </span>
                              <span
                                class="c5 c34"
                              >
                                png
                              </span>
                            </div>
                          </div>
                          <div
                            class="c21"
                          >
                            <div
                              class="c32"
                            >
                              <span
                                class="c5 c33"
                              >
                                Asset ID
                              </span>
                              <span
                                class="c5 c34"
                              >
                                8
                              </span>
                            </div>
                          </div>
                        </div>
                      </div>
                      <div>
                        <div
                          class=""
                        >
                          <div
                            class="c32"
                          >
                            <label
                              class="c5 c35 c36"
                              for=":r8:"
                            >
                              File name
                            </label>
                            <div
                              class="c13 c37"
                            >
                              <input
                                aria-disabled="false"
                                aria-invalid="false"
                                aria-required="false"
                                class="c38"
                                id=":r8:"
                                name="name"
                                value="Screenshot 2.png"
                              />
                            </div>
                          </div>
                        </div>
                      </div>
                      <div>
                        <div
                          class=""
                        >
                          <div
                            class="c32"
                          >
                            <label
                              class="c5 c35 c36"
                              for=":ra:"
                            >
                              Alternative text
                            </label>
                            <div
                              class="c13 c37"
                            >
                              <input
                                aria-describedby=":ra:-hint"
                                aria-disabled="false"
                                aria-invalid="false"
                                aria-required="false"
                                class="c38"
                                id=":ra:"
                                name="alternativeText"
                                value=""
                              />
                            </div>
                            <p
                              class="c5 c39"
                              id=":ra:-hint"
                            >
                              This text will be displayed if the asset can’t be shown.
                            </p>
                          </div>
                        </div>
                      </div>
                      <div>
                        <div
                          class=""
                        >
                          <div
                            class="c32"
                          >
                            <label
                              class="c5 c35 c36"
                              for=":rc:"
                            >
                              Caption
                            </label>
                            <div
                              class="c13 c37"
                            >
                              <input
                                aria-disabled="false"
                                aria-invalid="false"
                                aria-required="false"
                                class="c38"
                                id=":rc:"
                                name="caption"
                                value=""
                              />
                            </div>
                          </div>
                        </div>
                      </div>
                      <div
                        class="c32"
                      >
                        <label
                          class="c5 c35 c36"
                          for="asset-folder"
                        >
                          Location
                        </label>
                        <div
                          class=" css-1iyvlxg-container"
                        >
                          <span
                            class="css-1f43avz-a11yText-A11yText"
                            id="react-select-2-live-region"
                          />
                          <span
                            aria-atomic="false"
                            aria-live="polite"
                            aria-relevant="additions text"
                            class="css-1f43avz-a11yText-A11yText"
                          />
                          <div
                            class=" css-1ioi85f-control"
                          >
                            <div
                              class=" css-onz4xi-ValueContainer"
                            >
                              <div
                                class=" css-1ryi7up-singleValue"
                              >
                                Media Library
                              </div>
                              <input
                                aria-autocomplete="list"
                                aria-expanded="false"
                                aria-haspopup="true"
                                aria-invalid="false"
                                aria-readonly="true"
                                class="css-mohuvp-dummyInput-DummyInput"
                                id="asset-folder"
                                inputmode="none"
                                role="combobox"
                                tabindex="0"
                                value=""
                              />
                            </div>
                            <div
                              class=" css-1hm8yhz-IndicatorsContainer"
                            >
                              <div
                                aria-hidden="true"
                                class="c40 c41 c42"
                              >
                                <svg
                                  fill="none"
                                  height="1rem"
                                  viewBox="0 0 14 8"
                                  width="1rem"
                                  xmlns="http://www.w3.org/2000/svg"
                                >
                                  <path
                                    clip-rule="evenodd"
                                    d="M14 .889a.86.86 0 0 1-.26.625L7.615 7.736A.834.834 0 0 1 7 8a.834.834 0 0 1-.615-.264L.26 1.514A.861.861 0 0 1 0 .889c0-.24.087-.45.26-.625A.834.834 0 0 1 .875 0h12.25c.237 0 .442.088.615.264a.86.86 0 0 1 .26.625Z"
                                    fill="#32324D"
                                    fill-rule="evenodd"
                                  />
                                </svg>
                              </div>
                            </div>
                          </div>
                          <input
                            name="parent"
                            type="hidden"
                            value=""
                          />
                        </div>
                      </div>
                    </div>
                    <div
                      class="c2"
                    >
                      <button
                        tabindex="-1"
                        type="submit"
                      >
                        Submit
                      </button>
                    </div>
                  </form>
                </div>
              </div>
            </div>
            <div
              class="c11 c43"
            >
              <div
                class="c13"
              >
                <div
                  class="c44"
                >
                  <button
                    aria-disabled="false"
                    class="c45 c44 c16 c46"
                    type="button"
                  >
                    <span
                      class="c5 c6"
                    >
                      Cancel
                    </span>
                  </button>
                </div>
                <div
                  class="c44"
                >
                  <button
                    aria-disabled="false"
                    class="c45 c44 c16 c47"
                    type="button"
                  >
                    <span
                      class="c5 c6"
                    >
                      Replace media
                    </span>
                  </button>
                  <div
                    class="c2"
                  >
                    <input
                      accept="image/png"
                      aria-hidden="true"
                      name="file"
                      tabindex="-1"
                      type="file"
                    />
                  </div>
                  <button
                    aria-disabled="false"
                    class="c45 c44 c16 c48"
                    type="button"
                  >
                    <span
                      class="c5 c6"
                    >
                      Finish
                    </span>
                  </button>
                </div>
              </div>
            </div>
          </div>
        </div>
      </div>
    </div>
  </div>
</body>
`;
