// Jest Snapshot v1, https://goo.gl/fbAQLP

exports[`GenericInput json renders and matches the snapshot 1`] = `
.c6 {
  border: 0;
  -webkit-clip: rect(0 0 0 0);
  clip: rect(0 0 0 0);
  height: 1px;
  margin: -1px;
  overflow: hidden;
  padding: 0;
  position: absolute;
  width: 1px;
}

.c1 {
  font-size: 0.75rem;
  line-height: 1.33;
  font-weight: 600;
  color: #32324d;
}

.c3 {
  font-size: 0.875rem;
  border-radius: 4px;
  max-height: 31.5rem;
  min-height: 15.75rem;
}

.c0 {
  -webkit-align-items: stretch;
  -webkit-box-align: stretch;
  -ms-flex-align: stretch;
  align-items: stretch;
  display: -webkit-box;
  display: -webkit-flex;
  display: -ms-flexbox;
  display: flex;
  -webkit-flex-direction: column;
  -ms-flex-direction: column;
  flex-direction: column;
  gap: 4px;
}

.c4 {
  -webkit-align-items: stretch;
  -webkit-box-align: stretch;
  -ms-flex-align: stretch;
  align-items: stretch;
  display: -webkit-box;
  display: -webkit-flex;
  display: -ms-flexbox;
  display: flex;
  -webkit-flex-direction: row;
  -ms-flex-direction: row;
  flex-direction: row;
}

.c2 {
  display: -webkit-box;
  display: -webkit-flex;
  display: -ms-flexbox;
  display: flex;
  -webkit-align-items: center;
  -webkit-box-align: center;
  -ms-flex-align: center;
  align-items: center;
}

.c5 {
  line-height: 1.25;
}

.c5 .cm-editor {
  background-color: #32324d;
  width: 100%;
  outline: none;
}

.c5 .cm-scroller {
  border: 1px solid #dcdce4;
  outline: none;
  box-shadow: 0;
  -webkit-transition-property: border-color,box-shadow,fill;
  transition-property: border-color,box-shadow,fill;
  -webkit-transition-duration: 0.2s;
  transition-duration: 0.2s;
}

.c5 .cm-scroller:focus-within {
  border: 1px solid #4945ff;
  box-shadow: #4945ff 0px 0px 0px 2px;
}

.c5 .cm-editor,
.c5 .cm-scroller {
  border-radius: 4px;
}

.c5 .cm-gutters,
.c5 .cm-activeLineGutter {
  background-color: #4a4a6a;
}

<div>
  <div
    class=""
  >
    <div
      class="c0"
    >
      <label
        class="c1 c2"
        for=":rg:"
      >
        Default label
      </label>
      <div
        class="c3 c4 c5"
        font-size="2"
      >
        <div
          class="cm-editor ͼ1 ͼ3 ͼ4 ͼ19 ͼo"
        >
          <div
            aria-live="polite"
            style="position: fixed; top: -10000px;"
          />
          <div
            class="cm-scroller"
            tabindex="-1"
          >
            <div
              aria-hidden="true"
              class="cm-gutters"
              style="min-height: 14px; position: sticky;"
            >
              <div
                class="cm-gutter cm-lineNumbers"
              >
                <div
                  class="cm-gutterElement"
                  style="height: 0px; visibility: hidden; pointer-events: none;"
                >
                  9
                </div>
                <div
                  class="cm-gutterElement cm-activeLineGutter"
                  style="height: 14px;"
                >
                  1
                </div>
              </div>
              <div
                class="cm-gutter cm-foldGutter"
              >
                <div
                  class="cm-gutterElement"
                  style="height: 0px; visibility: hidden; pointer-events: none;"
                >
                  <span
                    title="Unfold line"
                  >
                    ›
                  </span>
                </div>
                <div
                  class="cm-gutterElement cm-activeLineGutter"
                  style="height: 14px;"
                />
              </div>
            </div>
            <div
              aria-autocomplete="list"
              aria-multiline="true"
              autocapitalize="off"
              autocorrect="off"
              class="cm-content"
              contenteditable="true"
              data-language="json"
              role="textbox"
              spellcheck="false"
              style="tab-size: 4"
              translate="no"
            >
              <div
                class="cm-activeLine cm-line"
              >
                <br />
              </div>
            </div>
            <div
              aria-hidden="true"
              class="cm-layer cm-layer-above cm-cursorLayer"
              style="z-index: 150; animation-duration: 1200ms;"
            />
            <div
              aria-hidden="true"
              class="cm-layer cm-selectionLayer"
              style="z-index: -2;"
            />
          </div>
        </div>
      </div>
    </div>
  </div>
  <div
    class="c6"
  >
    <p
      aria-live="polite"
      aria-relevant="all"
      id="live-region-log"
      role="log"
    />
    <p
      aria-live="polite"
      aria-relevant="all"
      id="live-region-status"
      role="status"
    />
    <p
      aria-live="assertive"
      aria-relevant="all"
      id="live-region-alert"
      role="alert"
    />
  </div>
</div>
`;
