// Jest Snapshot v1, https://goo.gl/fbAQLP

exports[`MediaLibrary / AssetList snapshots the asset list 1`] = `
.c30 {
  border: 0;
  -webkit-clip: rect(0 0 0 0);
  clip: rect(0 0 0 0);
  height: 1px;
  margin: -1px;
  overflow: hidden;
  padding: 0;
  position: absolute;
  width: 1px;
}

.c19 {
  font-size: 0.75rem;
  line-height: 1.33;
  font-weight: 600;
  color: #32324d;
}

.c20 {
  font-size: 0.75rem;
  line-height: 1.33;
  color: #666687;
}

.c28 {
  font-weight: 600;
  font-size: 0.6875rem;
  line-height: 1.45;
  text-transform: uppercase;
  color: #666687;
}

.c32 {
  font-size: 0.75rem;
  line-height: 1.33;
  color: #ffffff;
}

.c1 {
  height: 100%;
}

.c3 {
  background: #ffffff;
  border-radius: 4px;
  border-style: solid;
  border-width: 1px;
  border-color: #eaeaef;
  box-shadow: 0px 1px 4px rgba(33,33,52,0.1);
  height: 100%;
}

.c5 {
  position: relative;
}

.c8 {
  position: start;
}

.c15 {
  padding-top: 8px;
  padding-right: 12px;
  padding-bottom: 8px;
  padding-left: 12px;
}

.c18 {
  padding-top: 4px;
}

.c22 {
  padding-top: 4px;
  -webkit-box-flex: 1;
  -webkit-flex-grow: 1;
  -ms-flex-positive: 1;
  flex-grow: 1;
}

.c24 {
  background: #eaeaef;
  padding-right: 8px;
  padding-left: 8px;
  min-width: 20px;
}

.c31 {
  background: #32324d;
  color: #ffffff;
  padding: 4px;
  border-radius: 4px;
  position: absolute;
  right: 4px;
  bottom: 4px;
}

.c33 {
  width: 100%;
  height: 10.25rem;
}

.c6 {
  -webkit-align-items: center;
  -webkit-box-align: center;
  -ms-flex-align: center;
  align-items: center;
  display: -webkit-box;
  display: -webkit-flex;
  display: -ms-flexbox;
  display: flex;
  -webkit-flex-direction: row;
  -ms-flex-direction: row;
  flex-direction: row;
  -webkit-box-pack: center;
  -webkit-justify-content: center;
  -ms-flex-pack: center;
  justify-content: center;
}

.c9 {
  -webkit-align-items: center;
  -webkit-box-align: center;
  -ms-flex-align: center;
  align-items: center;
  display: -webkit-box;
  display: -webkit-flex;
  display: -ms-flexbox;
  display: flex;
  -webkit-flex-direction: row;
  -ms-flex-direction: row;
  flex-direction: row;
}

.c16 {
  -webkit-align-items: flex-start;
  -webkit-box-align: flex-start;
  -ms-flex-align: flex-start;
  align-items: flex-start;
  display: -webkit-box;
  display: -webkit-flex;
  display: -ms-flexbox;
  display: flex;
  -webkit-flex-direction: row;
  -ms-flex-direction: row;
  flex-direction: row;
}

.c25 {
  -webkit-align-items: center;
  -webkit-box-align: center;
  -ms-flex-align: center;
  align-items: center;
  display: -webkit-inline-box;
  display: -webkit-inline-flex;
  display: -ms-inline-flexbox;
  display: inline-flex;
  -webkit-flex-direction: row;
  -ms-flex-direction: row;
  flex-direction: row;
  -webkit-box-pack: center;
  -webkit-justify-content: center;
  -ms-flex-pack: center;
  justify-content: center;
}

.c26 {
  border-radius: 4px;
  height: 1.5rem;
}

.c12 {
  height: 18px;
  min-width: 18px;
  margin: 0;
  border-radius: 4px;
  border: 1px solid #c0c0cf;
  -webkit-appearance: none;
  background-color: #ffffff;
  cursor: pointer;
}

.c12:checked {
  background-color: #4945ff;
  border: 1px solid #4945ff;
}

.c12:checked:after {
  content: '';
  display: block;
  position: relative;
  background: url("data:image/svg+xml,%3csvg%20width='10'%20height='8'%20viewBox='0%200%2010%208'%20fill='none'%20xmlns='http://www.w3.org/2000/svg'%3e%3cpath%20d='M8.55323%200.396973C8.63135%200.316355%208.76051%200.315811%208.83931%200.395768L9.86256%201.43407C9.93893%201.51157%209.93935%201.6359%209.86349%201.7139L4.06401%207.67724C3.9859%207.75755%203.85707%207.75805%203.77834%207.67834L0.13866%203.99333C0.0617798%203.91549%200.0617102%203.79032%200.138504%203.7124L1.16213%202.67372C1.24038%202.59432%201.36843%202.59422%201.4468%202.67348L3.92174%205.17647L8.55323%200.396973Z'%20fill='white'%20/%3e%3c/svg%3e") no-repeat no-repeat center center;
  width: 10px;
  height: 10px;
  left: 50%;
  top: 50%;
  -webkit-transform: translateX(-50%) translateY(-50%);
  -ms-transform: translateX(-50%) translateY(-50%);
  transform: translateX(-50%) translateY(-50%);
}

.c12:checked:disabled:after {
  background: url("data:image/svg+xml,%3csvg%20width='10'%20height='8'%20viewBox='0%200%2010%208'%20fill='none'%20xmlns='http://www.w3.org/2000/svg'%3e%3cpath%20d='M8.55323%200.396973C8.63135%200.316355%208.76051%200.315811%208.83931%200.395768L9.86256%201.43407C9.93893%201.51157%209.93935%201.6359%209.86349%201.7139L4.06401%207.67724C3.9859%207.75755%203.85707%207.75805%203.77834%207.67834L0.13866%203.99333C0.0617798%203.91549%200.0617102%203.79032%200.138504%203.7124L1.16213%202.67372C1.24038%202.59432%201.36843%202.59422%201.4468%202.67348L3.92174%205.17647L8.55323%200.396973Z'%20fill='%238E8EA9'%20/%3e%3c/svg%3e") no-repeat no-repeat center center;
}

.c12:disabled {
  background-color: #dcdce4;
  border: 1px solid #c0c0cf;
}

.c12:indeterminate {
  background-color: #4945ff;
  border: 1px solid #4945ff;
}

.c12:indeterminate:after {
  content: '';
  display: block;
  position: relative;
  color: white;
  height: 2px;
  width: 10px;
  background-color: #ffffff;
  left: 50%;
  top: 50%;
  -webkit-transform: translateX(-50%) translateY(-50%);
  -ms-transform: translateX(-50%) translateY(-50%);
  transform: translateX(-50%) translateY(-50%);
}

.c12:indeterminate:disabled {
  background-color: #dcdce4;
  border: 1px solid #c0c0cf;
}

.c12:indeterminate:disabled:after {
  background-color: #8e8ea9;
}

.c10 > * {
  margin-left: 0;
  margin-right: 0;
}

.c10 > * + * {
  margin-left: 8px;
}

.c11 {
  position: absolute;
  top: 12px;
  left: 12px;
}

.c14 {
  margin: 0;
  padding: 0;
  max-height: 100%;
  max-width: 100%;
  object-fit: contain;
}

.c13 {
  display: -webkit-box;
  display: -webkit-flex;
  display: -ms-flexbox;
  display: flex;
  -webkit-box-pack: center;
  -webkit-justify-content: center;
  -ms-flex-pack: center;
  justify-content: center;
  height: 10.25rem;
  width: 100%;
  background: repeating-conic-gradient(#f6f6f9 0% 25%,transparent 0% 50%) 50% / 20px 20px;
  border-top-left-radius: 4px;
  border-top-right-radius: 4px;
}

.c23 {
  margin-left: auto;
  -webkit-flex-shrink: 0;
  -ms-flex-negative: 0;
  flex-shrink: 0;
}

.c27 {
  margin-left: 4px;
}

.c17 {
  word-break: break-all;
}

.c7 {
  border-bottom: 1px solid #eaeaef;
}

.c0 {
  display: grid;
  grid-template-columns: repeat(12,1fr);
  gap: 16px;
}

.c2 {
  grid-column: span 3;
  max-width: 100%;
}

.c21 {
  text-transform: uppercase;
}

.c4 {
  cursor: pointer;
}

.c35 svg {
  font-size: 3rem;
}

.c34 {
  border-radius: 4px 4px 0 0;
  background: linear-gradient(180deg,#ffffff 0%,#f6f6f9 121.48%);
}

.c29 canvas,
.c29 video {
  display: block;
  pointer-events: none;
  max-width: 100%;
  max-height: 10.25rem;
}

@media (max-width:68.75rem) {
  .c2 {
    grid-column: span;
  }
}

@media (max-width:34.375rem) {
  .c2 {
    grid-column: span;
  }
}

<div>
  <div
    class=""
  >
    <div
      class="c0"
    >
      <div
        class="c1 c2"
      >
        <article
          aria-labelledby=":r0:-title"
          class="c3 c4"
          role="button"
          tabindex="-1"
        >
          <div
            class="c5 c6 c7"
          >
            <div>
              <div
                class="c8 c9 c10 c11"
              >
                <div
                  class=""
                >
                  <input
                    aria-labelledby=":r0:-title"
                    class="c12"
                    type="checkbox"
                  />
                </div>
              </div>
            </div>
            <div
              class="c13"
            >
              <img
                alt="strapi-cover_1fabc982ce.png"
                aria-hidden="true"
                class="c14"
                src="http://localhost:1337/uploads/thumbnail_strapi_cover_1fabc982ce_5b43615ed5.png?updatedAt=2021-09-14T07%3A32%3A50.816Z"
              />
            </div>
          </div>
          <div
            class="c15"
          >
            <div
              class="c16"
            >
              <div
                class="c17"
              >
                <div
                  class="c18"
                >
                  <h2
                    class="c19"
                    id=":r0:-title"
                  >
                    strapi-cover_1fabc982ce.png
                  </h2>
                </div>
                <div
                  class="c20"
                >
                  <span
                    class="c21"
                  >
                    png
                  </span>
                   - 1066âœ•551
                </div>
              </div>
              <div
                class="c22 c9"
              >
                <div
                  class="c23"
                >
                  <div
                    class="c24 c25 c26 c27"
                  >
                    <span
                      class="c28"
                    >
                      Image
                    </span>
                  </div>
                </div>
              </div>
            </div>
          </div>
        </article>
      </div>
      <div
        class="c1 c2"
      >
        <article
          aria-labelledby=":r1:-title"
          class="c3 c4"
          role="button"
          tabindex="-1"
        >
          <div
            class="c5 c6 c7"
          >
            <div>
              <div
                class="c8 c9 c10 c11"
              >
                <div
                  class=""
                >
                  <input
                    aria-labelledby=":r1:-title"
                    class="c12"
                    type="checkbox"
                  />
                </div>
              </div>
            </div>
            <div
              class="c13"
            >
              <div
                class="c9"
              >
                <div
                  class="c29"
                >
                  <figure
                    class=""
                  >
                    <video
                      crossorigin="anonymous"
                      src="http://localhost:1337/uploads/mov_bbb_2f3907f7aa.mp4"
                    >
                      <source
                        type="video/mp4"
                      />
                    </video>
                    <figcaption
                      class="c30"
                    >
                      mov_bbb.mp4
                    </figcaption>
                  </figure>
                </div>
              </div>
            </div>
            <time
              class="c31"
            >
              <span
                class="c32"
              >
                ...
              </span>
            </time>
          </div>
          <div
            class="c15"
          >
            <div
              class="c16"
            >
              <div
                class="c17"
              >
                <div
                  class="c18"
                >
                  <h2
                    class="c19"
                    id=":r1:-title"
                  >
                    mov_bbb.mp4
                  </h2>
                </div>
                <div
                  class="c20"
                >
                  <span
                    class="c21"
                  >
                    mp4
                  </span>
                </div>
              </div>
              <div
                class="c22 c9"
              >
                <div
                  class="c23"
                >
                  <div
                    class="c24 c25 c26 c27"
                  >
                    <span
                      class="c28"
                    >
                      Video
                    </span>
                  </div>
                </div>
              </div>
            </div>
          </div>
        </article>
      </div>
      <div
        class="c1 c2"
      >
        <article
          aria-labelledby=":r2:-title"
          class="c3 c4"
          role="button"
          tabindex="-1"
        >
          <div
            class="c5 c6 c7"
          >
            <div>
              <div
                class="c8 c9 c10 c11"
              >
                <div
                  class=""
                >
                  <input
                    aria-labelledby=":r2:-title"
                    class="c12"
                    type="checkbox"
                  />
                </div>
              </div>
            </div>
            <div
              class="c33 c6 c34"
            >
              <span
                class="c35"
              >
                <svg
                  aria-label="CARTE MARIAGE AVS - Printemps.pdf"
                  fill="none"
                  height="1rem"
                  viewBox="0 0 24 33"
                  width="1rem"
                  xmlns="http://www.w3.org/2000/svg"
                >
                  <path
                    d="M23.305 8.126 16.39.749c-.443-.472-1.043-.741-1.643-.741H2.337c-.632 0-1.2.27-1.642.74A2.529 2.529 0 0 0 0 2.5v27.015c0 1.381 1.042 2.493 2.337 2.493h19.326c1.295 0 2.337-1.112 2.337-2.493V9.877c0-.64-.253-1.28-.695-1.751Zm-1.326.606h-5.116c-.568 0-1.042-.505-1.042-1.112V2.197l6.158 6.535Zm-.316 21.827H2.337c-.537 0-.98-.471-.98-1.044V2.5c0-.269.096-.538.285-.74a.949.949 0 0 1 .695-.304h12.126V7.62c0 1.415 1.074 2.56 2.4 2.56h5.78v19.335c0 .573-.443 1.044-.98 1.044Z"
                    fill="#D9822F"
                  />
                  <path
                    clip-rule="evenodd"
                    d="M13.964 20.095c.344.252.781.522 1.312.811a16.714 16.714 0 0 1 1.827-.1c1.53 0 2.451.236 2.764.709.166.212.177.463.031.753 0 .01-.005.02-.016.029l-.03.029v.014c-.063.367-.433.55-1.11.55-.5 0-1.098-.096-1.795-.29a11.908 11.908 0 0 1-2.03-.767c-2.3.232-4.341.633-6.121 1.202-1.593 2.53-2.852 3.795-3.779 3.795a.965.965 0 0 1-.437-.102l-.375-.174a1.668 1.668 0 0 0-.093-.072c-.105-.096-.136-.27-.094-.521.094-.386.385-.828.874-1.325.49-.498 1.177-.963 2.061-1.398.146-.087.266-.058.36.087.02.02.03.039.03.058a34.703 34.703 0 0 0 1.672-2.853c.707-1.313 1.249-2.578 1.623-3.794a10.952 10.952 0 0 1-.476-2.31c-.067-.748-.034-1.364.102-1.847.114-.386.333-.579.655-.579h.344c.24 0 .422.072.547.217.187.203.234.531.14.985a.307.307 0 0 1-.062.116.35.35 0 0 1 .015.116v.434c-.02 1.188-.093 2.115-.218 2.78.572 1.584 1.332 2.733 2.28 3.447ZM4.97 26.047c.542-.232 1.255-.995 2.14-2.289-.531.387-.987.792-1.367 1.217-.38.425-.637.782-.773 1.072Zm6.183-11.412c-.135-.868-.125-1.506.032-1.911v-.03c.01-.009.015-.019.015-.028a.798.798 0 0 1 .203.521c0 .01.005.024.016.044 0 .01.005.019.015.029a.317.317 0 0 0-.062.116c-.073.386-.11.593-.11.622l-.109.637Zm-1.904 7.66a24.288 24.288 0 0 1 4.434-1.173 2.398 2.398 0 0 1-.203-.137 2.761 2.761 0 0 1-.25-.196c-.79-.647-1.452-1.496-1.983-2.549-.28.83-.713 1.782-1.296 2.854-.312.54-.546.94-.702 1.201Zm7.9-.58c1.208 0 1.937.117 2.187.349.02.019.031.033.031.043-.042.01-.135.014-.281.014-.5 0-1.145-.135-1.936-.405Z"
                    fill="#D9822F"
                    fill-rule="evenodd"
                  />
                </svg>
              </span>
            </div>
          </div>
          <div
            class="c15"
          >
            <div
              class="c16"
            >
              <div
                class="c17"
              >
                <div
                  class="c18"
                >
                  <h2
                    class="c19"
                    id=":r2:-title"
                  >
                    CARTE MARIAGE AVS - Printemps.pdf
                  </h2>
                </div>
                <div
                  class="c20"
                >
                  <span
                    class="c21"
                  >
                    pdf
                  </span>
                </div>
              </div>
              <div
                class="c22 c9"
              >
                <div
                  class="c23"
                >
                  <div
                    class="c24 c25 c26 c27"
                  >
                    <span
                      class="c28"
                    >
                      Doc
                    </span>
                  </div>
                </div>
              </div>
            </div>
          </div>
        </article>
      </div>
    </div>
  </div>
  <div
    class="c30"
  >
    <p
      aria-live="polite"
      aria-relevant="all"
      id="live-region-log"
      role="log"
    />
    <p
      aria-live="polite"
      aria-relevant="all"
      id="live-region-status"
      role="status"
    />
    <p
      aria-live="assertive"
      aria-relevant="all"
      id="live-region-alert"
      role="alert"
    />
  </div>
</div>
`;
