// Jest Snapshot v1, https://goo.gl/fbAQLP

exports[`BrowseStep renders and match snapshot 1`] = `
.c28 {
  border: 0;
  -webkit-clip: rect(0 0 0 0);
  clip: rect(0 0 0 0);
  height: 1px;
  margin: -1px;
  overflow: hidden;
  padding: 0;
  position: absolute;
  width: 1px;
}

.c12 {
  font-size: 0.875rem;
  line-height: 1.43;
  display: block;
  white-space: nowrap;
  overflow: hidden;
  text-overflow: ellipsis;
  color: #666687;
}

.c20 {
  font-size: 0.75rem;
  line-height: 1.33;
  font-weight: 600;
  color: #ffffff;
}

.c34 {
  font-size: 0.75rem;
  line-height: 1.33;
  color: #32324d;
}

.c36 {
  font-size: 0.75rem;
  line-height: 1.33;
  color: #8e8ea9;
}

.c39 {
  font-weight: 500;
  font-size: 1rem;
  line-height: 1.25;
  font-weight: 500;
  color: #32324d;
}

.c55 {
  font-size: 0.875rem;
  line-height: 1.43;
  display: block;
  white-space: nowrap;
  overflow: hidden;
  text-overflow: ellipsis;
  font-weight: 500;
  color: #32324d;
}

.c57 {
  font-size: 0.75rem;
  line-height: 1.33;
  display: block;
  white-space: nowrap;
  overflow: hidden;
  text-overflow: ellipsis;
  color: #666687;
}

.c65 {
  font-size: 0.875rem;
  line-height: 1.43;
  display: block;
  white-space: nowrap;
  overflow: hidden;
  text-overflow: ellipsis;
  color: #32324d;
}

.c67 {
  font-size: 0.875rem;
  line-height: 1.43;
  color: #666687;
}

.c73 {
  font-size: 0.75rem;
  line-height: 1.33;
  font-weight: 600;
  color: #32324d;
}

.c0 {
  margin-left: -250px;
  position: fixed;
  left: 50%;
  top: 2.875rem;
  z-index: 10;
  width: 31.25rem;
}

.c2 {
  padding-bottom: 16px;
}

.c6 {
  background: #ffffff;
  padding-top: 4px;
  padding-right: 12px;
  padding-bottom: 4px;
  padding-left: 12px;
  border-radius: 4px;
  position: relative;
  overflow: hidden;
  width: 100%;
  cursor: default;
}

.c9 {
  -webkit-flex: 1;
  -ms-flex: 1;
  flex: 1;
}

.c16 {
  background: #4945ff;
  padding: 8px;
  padding-right: 16px;
  padding-left: 16px;
  border-radius: 4px;
  border-color: #4945ff;
  border: 1px solid #4945ff;
  cursor: pointer;
}

.c21 {
  margin-left: auto;
  -webkit-flex-shrink: 0;
  -ms-flex-negative: 0;
  flex-shrink: 0;
}

.c23 {
  padding-top: 4px;
  padding-bottom: 4px;
}

.c25 {
  background: #ffffff;
  padding: 8px;
  border-radius: 4px;
  border-color: #dcdce4;
  border: 1px solid #dcdce4;
  cursor: pointer;
}

.c29 {
  padding-top: 12px;
}

.c33 {
  padding-top: 4px;
  padding-right: 8px;
  padding-bottom: 4px;
  padding-left: 8px;
}

.c35 {
  padding-right: 4px;
  padding-left: 4px;
}

.c38 {
  padding-bottom: 8px;
}

.c42 {
  position: relative;
}

.c45 {
  background: #ffffff;
  padding: 12px;
  border-radius: 4px;
  border-style: solid;
  border-width: 1px;
  border-color: #eaeaef;
  box-shadow: 0px 1px 4px rgba(33,33,52,0.1);
  cursor: pointer;
}

.c46 {
  background: #eaf5ff;
  color: #66b7f1;
  padding-top: 8px;
  padding-right: 12px;
  padding-bottom: 8px;
  padding-left: 12px;
  border-radius: 4px;
}

.c48 {
  position: relative;
  overflow: hidden;
  max-width: 100%;
}

.c51 {
  padding: 4px;
  max-width: 100%;
}

.c53 {
  max-width: 100%;
}

.c60 {
  right: 16px;
}

.c63 {
  padding-top: 16px;
}

.c66 {
  padding-left: 8px;
}

.c1 {
  -webkit-align-items: stretch;
  -webkit-box-align: stretch;
  -ms-flex-align: stretch;
  align-items: stretch;
  display: -webkit-box;
  display: -webkit-flex;
  display: -ms-flexbox;
  display: flex;
  -webkit-flex-direction: column;
  -ms-flex-direction: column;
  flex-direction: column;
  gap: 8px;
}

.c3 {
  -webkit-align-items: flex-start;
  -webkit-box-align: flex-start;
  -ms-flex-align: flex-start;
  align-items: flex-start;
  display: -webkit-box;
  display: -webkit-flex;
  display: -ms-flexbox;
  display: flex;
  -webkit-flex-direction: row;
  -ms-flex-direction: row;
  flex-direction: row;
  -webkit-box-pack: justify;
  -webkit-justify-content: space-between;
  -ms-flex-pack: justify;
  justify-content: space-between;
}

.c4 {
  -webkit-align-items: center;
  -webkit-box-align: center;
  -ms-flex-align: center;
  align-items: center;
  display: -webkit-box;
  display: -webkit-flex;
  display: -ms-flexbox;
  display: flex;
  -webkit-flex-direction: row;
  -ms-flex-direction: row;
  flex-direction: row;
  -webkit-flex-wrap: wrap;
  -ms-flex-wrap: wrap;
  flex-wrap: wrap;
  gap: 8px;
}

.c5 {
  -webkit-align-items: stretch;
  -webkit-box-align: stretch;
  -ms-flex-align: stretch;
  align-items: stretch;
  display: -webkit-box;
  display: -webkit-flex;
  display: -ms-flexbox;
  display: flex;
  -webkit-flex-direction: column;
  -ms-flex-direction: column;
  flex-direction: column;
  gap: 4px;
}

.c7 {
  -webkit-align-items: center;
  -webkit-box-align: center;
  -ms-flex-align: center;
  align-items: center;
  display: -webkit-box;
  display: -webkit-flex;
  display: -ms-flexbox;
  display: flex;
  -webkit-flex-direction: row;
  -ms-flex-direction: row;
  flex-direction: row;
  gap: 16px;
  -webkit-box-pack: justify;
  -webkit-justify-content: space-between;
  -ms-flex-pack: justify;
  justify-content: space-between;
}

.c10 {
  -webkit-align-items: center;
  -webkit-box-align: center;
  -ms-flex-align: center;
  align-items: center;
  display: -webkit-box;
  display: -webkit-flex;
  display: -ms-flexbox;
  display: flex;
  -webkit-flex-direction: row;
  -ms-flex-direction: row;
  flex-direction: row;
  gap: 12px;
}

.c17 {
  -webkit-align-items: center;
  -webkit-box-align: center;
  -ms-flex-align: center;
  align-items: center;
  display: -webkit-box;
  display: -webkit-flex;
  display: -ms-flexbox;
  display: flex;
  -webkit-flex-direction: row;
  -ms-flex-direction: row;
  flex-direction: row;
  gap: 8px;
}

.c22 {
  -webkit-align-items: center;
  -webkit-box-align: center;
  -ms-flex-align: center;
  align-items: center;
  display: -webkit-box;
  display: -webkit-flex;
  display: -ms-flexbox;
  display: flex;
  -webkit-flex-direction: row;
  -ms-flex-direction: row;
  flex-direction: row;
  -webkit-flex-shrink: 0;
  -ms-flex-negative: 0;
  flex-shrink: 0;
}

.c26 {
  -webkit-align-items: center;
  -webkit-box-align: center;
  -ms-flex-align: center;
  align-items: center;
  display: -webkit-box;
  display: -webkit-flex;
  display: -ms-flexbox;
  display: flex;
  -webkit-flex-direction: row;
  -ms-flex-direction: row;
  flex-direction: row;
  -webkit-box-pack: center;
  -webkit-justify-content: center;
  -ms-flex-pack: center;
  justify-content: center;
}

.c30 {
  -webkit-align-items: center;
  -webkit-box-align: center;
  -ms-flex-align: center;
  align-items: center;
  display: -webkit-box;
  display: -webkit-flex;
  display: -ms-flexbox;
  display: flex;
  -webkit-flex-direction: row;
  -ms-flex-direction: row;
  flex-direction: row;
}

.c32 {
  -webkit-align-items: center;
  -webkit-box-align: center;
  -ms-flex-align: center;
  align-items: center;
  display: -webkit-inline-box;
  display: -webkit-inline-flex;
  display: -ms-inline-flexbox;
  display: inline-flex;
  -webkit-flex-direction: row;
  -ms-flex-direction: row;
  flex-direction: row;
}

.c49 {
  -webkit-align-items: flex-start;
  -webkit-box-align: flex-start;
  -ms-flex-align: flex-start;
  align-items: flex-start;
  display: -webkit-box;
  display: -webkit-flex;
  display: -ms-flexbox;
  display: flex;
  -webkit-flex-direction: column;
  -ms-flex-direction: column;
  flex-direction: column;
}

.c54 {
  -webkit-align-items: start;
  -webkit-box-align: start;
  -ms-flex-align: start;
  align-items: start;
  display: -webkit-box;
  display: -webkit-flex;
  display: -ms-flexbox;
  display: flex;
  -webkit-flex-direction: column;
  -ms-flex-direction: column;
  flex-direction: column;
}

.c64 {
  -webkit-align-items: center;
  -webkit-box-align: center;
  -ms-flex-align: center;
  align-items: center;
  display: -webkit-box;
  display: -webkit-flex;
  display: -ms-flexbox;
  display: flex;
  -webkit-flex-direction: row;
  -ms-flex-direction: row;
  flex-direction: row;
  -webkit-box-pack: justify;
  -webkit-justify-content: space-between;
  -ms-flex-pack: justify;
  justify-content: space-between;
}

.c68 {
  -webkit-align-items: center;
  -webkit-box-align: center;
  -ms-flex-align: center;
  align-items: center;
  display: -webkit-box;
  display: -webkit-flex;
  display: -ms-flexbox;
  display: flex;
  -webkit-flex-direction: row;
  -ms-flex-direction: row;
  flex-direction: row;
  gap: 4px;
}

.c18 {
  position: relative;
  outline: none;
}

.c18 > svg {
  height: 12px;
  width: 12px;
}

.c18 > svg > g,
.c18 > svg path {
  fill: #ffffff;
}

.c18[aria-disabled='true'] {
  pointer-events: none;
}

.c18:after {
  -webkit-transition-property: all;
  transition-property: all;
  -webkit-transition-duration: 0.2s;
  transition-duration: 0.2s;
  border-radius: 8px;
  content: '';
  position: absolute;
  top: -4px;
  bottom: -4px;
  left: -4px;
  right: -4px;
  border: 2px solid transparent;
}

.c18:focus-visible {
  outline: none;
}

.c18:focus-visible:after {
  border-radius: 8px;
  content: '';
  position: absolute;
  top: -5px;
  bottom: -5px;
  left: -5px;
  right: -5px;
  border: 2px solid #4945ff;
}

.c19 {
  height: 2rem;
  border: 1px solid #dcdce4;
  background: #ffffff;
}

.c19 svg {
  height: 0.75rem;
  width: auto;
}

.c19[aria-disabled='true'] {
  border: 1px solid #dcdce4;
  background: #eaeaef;
}

.c19[aria-disabled='true'] .c11 {
  color: #666687;
}

.c19[aria-disabled='true'] svg > g,
.c19[aria-disabled='true'] svg path {
  fill: #666687;
}

.c19[aria-disabled='true']:active {
  border: 1px solid #dcdce4;
  background: #eaeaef;
}

.c19[aria-disabled='true']:active .c11 {
  color: #666687;
}

.c19[aria-disabled='true']:active svg > g,
.c19[aria-disabled='true']:active svg path {
  fill: #666687;
}

.c19:hover {
  background-color: #f6f6f9;
}

.c19:active {
  background-color: #eaeaef;
}

.c19 .c11 {
  color: #32324d;
}

.c19 svg > g,
.c19 svg path {
  fill: #32324d;
}

.c61 > * {
  margin-left: 0;
  margin-right: 0;
}

.c61 > * + * {
  margin-left: 8px;
}

.c62 {
  position: absolute;
  top: 12px;
}

.c8 {
  border: 1px solid #dcdce4;
  min-height: 2rem;
  outline: none;
  box-shadow: 0;
  -webkit-transition-property: border-color,box-shadow,fill;
  transition-property: border-color,box-shadow,fill;
  -webkit-transition-duration: 0.2s;
  transition-duration: 0.2s;
}

.c8[aria-disabled='true'] {
  color: #666687;
}

.c8:focus-visible {
  outline: none;
}

.c8:focus-within {
  border: 1px solid #4945ff;
  box-shadow: #4945ff 0px 0px 0px 2px;
}

.c15 > svg {
  width: 0.375rem;
}

.c15 > svg > path {
  fill: #666687;
}

.c13 {
  -webkit-flex: 1;
  -ms-flex: 1;
  flex: 1;
}

.c14 {
  display: -webkit-box;
  display: -webkit-flex;
  display: -ms-flexbox;
  display: flex;
  gap: 4px;
  -webkit-flex-wrap: wrap;
  -ms-flex-wrap: wrap;
  flex-wrap: wrap;
}

.c75[data-state='checked'] .c11 {
  font-weight: bold;
  color: #4945ff;
}

.c40 {
  display: grid;
  grid-template-columns: repeat(12,1fr);
  gap: 16px;
}

.c41 {
  grid-column: span 3;
  max-width: 100%;
}

.c27 {
  border-color: #dcdce4;
  height: 2rem;
  width: 2rem;
}

.c27 svg g,
.c27 svg path {
  fill: #8e8ea9;
}

.c27:hover svg g,
.c27:focus svg g,
.c27:hover svg path,
.c27:focus svg path {
  fill: #666687;
}

.c27[aria-disabled='true'] svg path {
  fill: #666687;
}

.c31:first-child {
  margin-left: calc(-1*8px);
}

.c37 {
  border-radius: 4px;
  color: #666687;
  font-size: 0.75rem;
  line-height: 1.43;
  padding: 4px 8px;
  -webkit-text-decoration: none;
  text-decoration: none;
}

.c37:hover,
.c37:focus {
  background-color: #dcdce4;
  color: #4a4a6a;
}

.c44 {
  height: 100%;
  left: 0;
  position: absolute;
  opacity: 0;
  top: 0;
  width: 100%;
}

.c44:hover,
.c44:focus {
  -webkit-text-decoration: none;
  text-decoration: none;
}

.c47 path {
  fill: currentColor;
}

.c59 {
  display: none;
}

.c43:hover .c58,
.c43:focus-within .c58 {
  display: block;
}

.c50 {
  -webkit-user-select: none;
  -moz-user-select: none;
  -ms-user-select: none;
  user-select: none;
}

.c52:focus {
  outline: 2px solid #4945ff;
  outline-offset: -2px;
}

.c74 {
  line-height: revert;
}

.c69 {
  padding: 12px;
  border-radius: 4px;
  -webkit-text-decoration: none;
  text-decoration: none;
  display: -webkit-box;
  display: -webkit-flex;
  display: -ms-flexbox;
  display: flex;
  position: relative;
  outline: none;
}

.c69:after {
  -webkit-transition-property: all;
  transition-property: all;
  -webkit-transition-duration: 0.2s;
  transition-duration: 0.2s;
  border-radius: 8px;
  content: '';
  position: absolute;
  top: -4px;
  bottom: -4px;
  left: -4px;
  right: -4px;
  border: 2px solid transparent;
}

.c69:focus-visible {
  outline: none;
}

.c69:focus-visible:after {
  border-radius: 8px;
  content: '';
  position: absolute;
  top: -5px;
  bottom: -5px;
  left: -5px;
  right: -5px;
  border: 2px solid #4945ff;
}

.c71 {
  padding: 12px;
  border-radius: 4px;
  box-shadow: 0px 1px 4px rgba(33,33,52,0.1);
  -webkit-text-decoration: none;
  text-decoration: none;
  display: -webkit-box;
  display: -webkit-flex;
  display: -ms-flexbox;
  display: flex;
  position: relative;
  outline: none;
}

.c71:after {
  -webkit-transition-property: all;
  transition-property: all;
  -webkit-transition-duration: 0.2s;
  transition-duration: 0.2s;
  border-radius: 8px;
  content: '';
  position: absolute;
  top: -4px;
  bottom: -4px;
  left: -4px;
  right: -4px;
  border: 2px solid transparent;
}

.c71:focus-visible {
  outline: none;
}

.c71:focus-visible:after {
  border-radius: 8px;
  content: '';
  position: absolute;
  top: -5px;
  bottom: -5px;
  left: -5px;
  right: -5px;
  border: 2px solid #4945ff;
}

.c72 {
  color: #271fe0;
  background: #ffffff;
}

.c72:hover {
  box-shadow: 0px 1px 4px rgba(33,33,52,0.1);
}

.c70 {
  font-size: 0.7rem;
  pointer-events: none;
}

.c70 svg path {
  fill: #c0c0cf;
}

.c70:focus svg path,
.c70:hover svg path {
  fill: #c0c0cf;
}

.c56 {
  max-width: 100%;
}

.c24 svg path {
  fill: #8e8ea9;
}

@media (max-width:68.75rem) {
  .c41 {
    grid-column: span;
  }
}

@media (max-width:34.375rem) {
  .c41 {
    grid-column: span;
  }
}

<div>
  <div
    class="c0 c1"
  />
  <div
    class=""
  >
    <div
      class="c2"
    >
      <div
        class="c3"
      >
        <div
          class="c4"
          wrap="wrap"
        >
          <div
            class=""
          >
            <div
              class="c5"
            >
              <div
                aria-autocomplete="none"
                aria-controls="radix-:r3:"
                aria-describedby=":r0:-hint :r0:-error"
                aria-expanded="false"
                aria-label="Sort by"
                class="c6 c7 c8"
                data-state="closed"
                dir="ltr"
                id=":r0:"
                overflow="hidden"
                role="combobox"
                tabindex="0"
              >
                <span
                  class="c9 c10"
                >
                  <span
                    class="c11 c12 c13"
                  >
                    <span
                      class="c14"
                    >
                      <span>
                        Sort by
                      </span>
                    </span>
                  </span>
                </span>
                <span
                  class="c10"
                >
                  <span
                    aria-hidden="true"
                    class="c15"
                  >
                    <svg
                      fill="none"
                      height="1rem"
                      viewBox="0 0 14 8"
                      width="1rem"
                      xmlns="http://www.w3.org/2000/svg"
                    >
                      <path
                        clip-rule="evenodd"
                        d="M14 .889a.86.86 0 0 1-.26.625L7.615 7.736A.834.834 0 0 1 7 8a.834.834 0 0 1-.615-.264L.26 1.514A.861.861 0 0 1 0 .889c0-.24.087-.45.26-.625A.834.834 0 0 1 .875 0h12.25c.237 0 .442.088.615.264a.86.86 0 0 1 .26.625Z"
                        fill="#32324D"
                        fill-rule="evenodd"
                      />
                    </svg>
                  </span>
                </span>
              </div>
            </div>
          </div>
          <button
            aria-disabled="false"
            class="c16 c17 c18 c19"
            type="button"
          >
            <div
              aria-hidden="true"
              class=""
            >
              <svg
                fill="none"
                height="1rem"
                viewBox="0 0 24 24"
                width="1rem"
                xmlns="http://www.w3.org/2000/svg"
              >
                <path
                  clip-rule="evenodd"
                  d="M0 4a2 2 0 0 1 2-2h20a2 2 0 1 1 0 4H2a2 2 0 0 1-2-2Zm4 8a2 2 0 0 1 2-2h12a2 2 0 1 1 0 4H6a2 2 0 0 1-2-2Zm6 6a2 2 0 1 0 0 4h4a2 2 0 1 0 0-4h-4Z"
                  fill="#32324D"
                  fill-rule="evenodd"
                />
              </svg>
            </div>
            <span
              class="c11 c20"
            >
              Filters
            </span>
          </button>
        </div>
        <div
          class="c21 c22"
        >
          <div
            class="c23 c24"
          >
            <span>
              <button
                aria-disabled="false"
                aria-labelledby=":r4:"
                class="c25 c26 c18 c27"
                tabindex="0"
                type="button"
              >
                <span
                  class="c28"
                >
                  List View
                </span>
                <svg
                  aria-hidden="true"
                  fill="none"
                  focusable="false"
                  height="1rem"
                  viewBox="0 0 12 12"
                  width="1rem"
                  xmlns="http://www.w3.org/2000/svg"
                >
                  <path
                    d="m2.4.1.1-.1h9.4l.1.1v2.2l-.1.1H2.5l-.1-.1V.1ZM0 4.9l.1-.1h9.4l.1.1v2.2l-.1.1H.1L0 7.1V4.9Zm2.5 4.7-.1.1v2.2l.1.1h9.4l.1-.1V9.7l-.1-.1H2.5Z"
                    fill="#8E8EA9"
                  />
                </svg>
              </button>
            </span>
          </div>
          <span>
            <button
              aria-disabled="false"
              aria-labelledby=":r6:"
              class="c25 c26 c18 c27"
              tabindex="0"
              type="button"
            >
              <span
                class="c28"
              >
                Search
              </span>
              <svg
                aria-hidden="true"
                fill="none"
                focusable="false"
                height="1rem"
                viewBox="0 0 24 24"
                width="1rem"
                xmlns="http://www.w3.org/2000/svg"
              >
                <path
                  clip-rule="evenodd"
                  d="m23.813 20.163-5.3-5.367a9.792 9.792 0 0 0 1.312-4.867C19.825 4.455 15.375 0 9.913 0 4.45 0 0 4.455 0 9.929c0 5.473 4.45 9.928 9.912 9.928a9.757 9.757 0 0 0 5.007-1.4l5.275 5.35a.634.634 0 0 0 .913 0l2.706-2.737a.641.641 0 0 0 0-.907ZM9.91 3.867c3.338 0 6.05 2.718 6.05 6.061s-2.712 6.061-6.05 6.061c-3.337 0-6.05-2.718-6.05-6.06 0-3.344 2.713-6.062 6.05-6.062Z"
                  fill="#32324D"
                  fill-rule="evenodd"
                />
              </svg>
            </button>
          </span>
        </div>
      </div>
    </div>
    <div
      class="c29"
    >
      <nav
        aria-label="Folders navigation"
        class=""
      >
        <ol
          class="c30 c31"
        >
          <li
            class="c32"
          >
            <div
              class="c33"
            >
              <span
                aria-current="false"
                class="c11 c34"
              >
                Media Library
              </span>
            </div>
            <div
              aria-hidden="true"
              class="c35"
            >
              <span
                class="c11 c36"
              >
                /
              </span>
            </div>
          </li>
          <li
            class="c32"
          >
            <button
              class="c37"
              type="button"
            >
              Folder 2
            </button>
            <div
              aria-hidden="true"
              class="c35"
            >
              <span
                class="c11 c36"
              >
                /
              </span>
            </div>
          </li>
          <li
            class="c32"
          >
            <button
              class="c37"
              type="button"
            >
              Folder 1
            </button>
          </li>
        </ol>
      </nav>
    </div>
    <div
      class=""
    >
      <div
        class="c38"
      >
        <h2
          class="c11 c39"
        >
          Folders (1)
        </h2>
      </div>
      <div
        class="c40"
      >
        <div
          class="c41"
        >
          <div
            class="c42 c43"
            tabindex="0"
          >
            <button
              aria-hidden="true"
              aria-label="Folder 1"
              class="c44"
              tabindex="-1"
              type="button"
            />
            <div
              class="c45 c17"
            >
              <div
                class="c46"
              >
                <svg
                  class="c47"
                  fill="none"
                  height="1.5rem"
                  viewBox="0 0 24 24"
                  width="1.5rem"
                  xmlns="http://www.w3.org/2000/svg"
                >
                  <path
                    d="M12.414 5H21a1 1 0 0 1 1 1v14a1 1 0 0 1-1 1H3a1 1 0 0 1-1-1V4a1 1 0 0 1 1-1h7.414l2 2Z"
                    fill="#212134"
                  />
                </svg>
              </div>
              <div
                class="c48 c49 c50"
                id="folder-1-1-title"
                overflow="hidden"
              >
                <button
                  class="c51 c52"
                  type="button"
                >
                  <h2
                    class="c53 c54"
                  >
                    <span
                      class="c11 c55 c56"
                    >
                      Folder 1
                      <div
                        class="c28"
                      >
                        -
                      </div>
                    </span>
                    <span
                      class="c11 c57 c56"
                    >
                      1 folder, 1 asset
                    </span>
                  </h2>
                </button>
              </div>
              <div
                class="c58 c59"
              >
                <div
                  class="c60 c30 c61 c62"
                >
                  <button
                    aria-disabled="false"
                    class="c25 c26 c18 c27"
                    type="button"
                  >
                    <span
                      class="c28"
                    >
                      Edit folder
                    </span>
                    <svg
                      aria-hidden="true"
                      fill="none"
                      focusable="false"
                      height="1rem"
                      viewBox="0 0 24 24"
                      width="1rem"
                      xmlns="http://www.w3.org/2000/svg"
                    >
                      <path
                        clip-rule="evenodd"
                        d="M23.604 3.514c.528.528.528 1.36 0 1.887l-2.622 2.607-4.99-4.99L18.6.396a1.322 1.322 0 0 1 1.887 0l3.118 3.118ZM0 24v-4.99l14.2-14.2 4.99 4.99L4.99 24H0Z"
                        fill="#212134"
                        fill-rule="evenodd"
                      />
                    </svg>
                  </button>
                </div>
              </div>
            </div>
          </div>
        </div>
      </div>
    </div>
    <div
      class="c63 c64"
    >
      <div
        class="c30"
      >
        <div
          class=""
        >
          <div
            class="c5"
          >
            <div
              aria-autocomplete="none"
              aria-controls="radix-:rb:"
              aria-describedby=":r8:-hint :r8:-error"
              aria-expanded="false"
              aria-label="Entries per page"
              class="c6 c7 c8"
              data-state="closed"
              dir="ltr"
              id=":r8:"
              overflow="hidden"
              role="combobox"
              tabindex="0"
            >
              <span
                class="c9 c10"
              >
                <span
                  class="c11 c65 c13"
                >
                  <span
                    class="c14"
                  >
                    10
                  </span>
                </span>
              </span>
              <span
                class="c10"
              >
                <span
                  aria-hidden="true"
                  class="c15"
                >
                  <svg
                    fill="none"
                    height="1rem"
                    viewBox="0 0 14 8"
                    width="1rem"
                    xmlns="http://www.w3.org/2000/svg"
                  >
                    <path
                      clip-rule="evenodd"
                      d="M14 .889a.86.86 0 0 1-.26.625L7.615 7.736A.834.834 0 0 1 7 8a.834.834 0 0 1-.615-.264L.26 1.514A.861.861 0 0 1 0 .889c0-.24.087-.45.26-.625A.834.834 0 0 1 .875 0h12.25c.237 0 .442.088.615.264a.86.86 0 0 1 .26.625Z"
                      fill="#32324D"
                      fill-rule="evenodd"
                    />
                  </svg>
                </span>
              </span>
            </div>
          </div>
        </div>
        <div
          class="c66"
        >
          <label
            class="c11 c67"
            for="page-size"
          >
            Entries per page
          </label>
        </div>
      </div>
      <nav
        aria-label="pagination"
        class=""
      >
        <ul
          class="c68"
        >
          <li>
            <button
              aria-disabled="true"
              class="c69 c70"
              tabindex="-1"
              type="button"
            >
              <div
                class="c28"
              >
                Go to previous page
              </div>
              <svg
                aria-hidden="true"
                fill="none"
                height="1rem"
                viewBox="0 0 10 16"
                width="1rem"
                xmlns="http://www.w3.org/2000/svg"
              >
                <path
                  d="M9.88 14.12 3.773 8 9.88 1.88 8 0 0 8l8 8 1.88-1.88Z"
                  fill="#32324D"
                />
              </svg>
            </button>
          </li>
          <li>
            <button
              class="c71 c72"
              type="button"
            >
              <div
                class="c28"
              >
                Go to page 1
              </div>
              <span
                aria-hidden="true"
                class="c11 c73 c74"
              >
                1
              </span>
            </button>
          </li>
          <li>
            <button
              aria-disabled="true"
              class="c69 c70"
              tabindex="-1"
              type="button"
            >
              <div
                class="c28"
              >
                Go to next page
              </div>
              <svg
                aria-hidden="true"
                fill="none"
                height="1rem"
                viewBox="0 0 10 16"
                width="1rem"
                xmlns="http://www.w3.org/2000/svg"
              >
                <path
                  d="M0 1.88 6.107 8 0 14.12 1.88 16l8-8-8-8L0 1.88Z"
                  fill="#32324D"
                />
              </svg>
            </button>
          </li>
        </ul>
      </nav>
    </div>
  </div>
  <div
    class="c28"
  >
    <p
      aria-live="polite"
      aria-relevant="all"
      id="live-region-log"
      role="log"
    />
    <p
      aria-live="polite"
      aria-relevant="all"
      id="live-region-status"
      role="status"
    />
    <p
      aria-live="assertive"
      aria-relevant="all"
      id="live-region-alert"
      role="alert"
    />
  </div>
</div>
`;
